Component: ARM Compiler 5.06 update 4 (build 422) Tool: armlink [4d35d2]

==============================================================================

Section Cross References

    system_stm32f7xx.o(i.SystemCoreClockUpdate) refers to system_stm32f7xx.o(.data) for .data
    system_stm32f7xx.o(i.SystemCoreClockUpdate) refers to system_stm32f7xx.o(.constdata) for .constdata
    spi.o(i.tcp_send_default) refers to strlen.o(.text) for strlen
    spi.o(i.tcp_send_default) refers to malloc.o(i.malloc) for malloc
    spi.o(i.tcp_send_default) refers to strcpy.o(.text) for strcpy
    spi.o(i.tcp_send_default) refers to strcat.o(.text) for strcat
    spi.o(i.tcp_send_default) refers to tcp_client.o(i.tcp_send) for tcp_send
    spi.o(i.tcp_send_default) refers to malloc.o(i.free) for free
    spi.o(i.tdc_enable_measure) refers to stm32f7xx_hal_gpio.o(i.HAL_GPIO_WritePin) for HAL_GPIO_WritePin
    spi.o(i.tdc_enable_measure) refers to stm32f7xx_hal_spi.o(i.HAL_SPI_Transmit) for HAL_SPI_Transmit
    spi.o(i.tdc_init) refers to stm32f7xx_hal_gpio.o(i.HAL_GPIO_WritePin) for HAL_GPIO_WritePin
    spi.o(i.tdc_init) refers to stm32f7xx_hal_spi.o(i.HAL_SPI_Transmit) for HAL_SPI_Transmit
    spi.o(i.tdc_obtain_measure) refers to stm32f7xx_hal_gpio.o(i.HAL_GPIO_WritePin) for HAL_GPIO_WritePin
    spi.o(i.tdc_obtain_measure) refers to stm32f7xx_hal_spi.o(i.HAL_SPI_TransmitReceive) for HAL_SPI_TransmitReceive
    spi.o(i.tpl_init) refers to stm32f7xx_hal_gpio.o(i.HAL_GPIO_WritePin) for HAL_GPIO_WritePin
    spi.o(i.tpl_init) refers to stm32f7xx_hal_spi.o(i.HAL_SPI_Transmit) for HAL_SPI_Transmit
    spi.o(i.tpl_init) refers to spi.o(i.tcp_send_default) for tcp_send_default
    spi.o(i.tpl_set_th) refers to stm32f7xx_hal_gpio.o(i.HAL_GPIO_WritePin) for HAL_GPIO_WritePin
    spi.o(i.tpl_set_th) refers to stm32f7xx_hal_spi.o(i.HAL_SPI_Transmit) for HAL_SPI_Transmit
    startup_stm32f767xx.o(RESET) refers to startup_stm32f767xx.o(STACK) for __initial_sp
    startup_stm32f767xx.o(RESET) refers to startup_stm32f767xx.o(.text) for Reset_Handler
    startup_stm32f767xx.o(RESET) refers to stm32f7xx_it.o(i.SVC_Handler) for SVC_Handler
    startup_stm32f767xx.o(RESET) refers to stm32f7xx_it.o(i.PendSV_Handler) for PendSV_Handler
    startup_stm32f767xx.o(RESET) refers to stm32f7xx_it.o(i.SysTick_Handler) for SysTick_Handler
    startup_stm32f767xx.o(RESET) refers to stm32f7xx_it.o(i.TIM1_UP_TIM10_IRQHandler) for TIM1_UP_TIM10_IRQHandler
    startup_stm32f767xx.o(RESET) refers to stm32f7xx_it.o(i.EXTI15_10_IRQHandler) for EXTI15_10_IRQHandler
    startup_stm32f767xx.o(.text) refers to system_stm32f7xx.o(i.SystemInit) for SystemInit
    startup_stm32f767xx.o(.text) refers to entry.o(.ARM.Collect$$$$00000000) for __main
    ip4_frag.o(i.ip4_frag) refers to def.o(i.lwip_htons) for lwip_htons
    ip4_frag.o(i.ip4_frag) refers to pbuf.o(i.pbuf_alloc) for pbuf_alloc
    ip4_frag.o(i.ip4_frag) refers to memcpya.o(.text) for __aeabi_memcpy
    ip4_frag.o(i.ip4_frag) refers to memp.o(i.memp_malloc) for memp_malloc
    ip4_frag.o(i.ip4_frag) refers to pbuf.o(i.pbuf_alloced_custom) for pbuf_alloced_custom
    ip4_frag.o(i.ip4_frag) refers to pbuf.o(i.pbuf_ref) for pbuf_ref
    ip4_frag.o(i.ip4_frag) refers to pbuf.o(i.pbuf_cat) for pbuf_cat
    ip4_frag.o(i.ip4_frag) refers to pbuf.o(i.pbuf_free) for pbuf_free
    ip4_frag.o(i.ip4_frag) refers to ip4_frag.o(i.ip_frag_free_pbuf_custom_ref) for ip_frag_free_pbuf_custom_ref
    ip4_frag.o(i.ip4_frag) refers to ip4_frag.o(i.ipfrag_free_pbuf_custom) for ipfrag_free_pbuf_custom
    ip4_frag.o(i.ip4_reass) refers to def.o(i.lwip_htons) for lwip_htons
    ip4_frag.o(i.ip4_reass) refers to pbuf.o(i.pbuf_clen) for pbuf_clen
    ip4_frag.o(i.ip4_reass) refers to ip4_frag.o(i.ip_reass_remove_oldest_datagram) for ip_reass_remove_oldest_datagram
    ip4_frag.o(i.ip4_reass) refers to memp.o(i.memp_malloc) for memp_malloc
    ip4_frag.o(i.ip4_reass) refers to memseta.o(.text) for __aeabi_memclr4
    ip4_frag.o(i.ip4_reass) refers to memcpya.o(.text) for __aeabi_memcpy
    ip4_frag.o(i.ip4_reass) refers to ip4_frag.o(i.ip_reass_chain_frag_into_datagram_and_validate) for ip_reass_chain_frag_into_datagram_and_validate
    ip4_frag.o(i.ip4_reass) refers to pbuf.o(i.pbuf_header) for pbuf_header
    ip4_frag.o(i.ip4_reass) refers to pbuf.o(i.pbuf_cat) for pbuf_cat
    ip4_frag.o(i.ip4_reass) refers to ip4_frag.o(i.ip_reass_dequeue_datagram) for ip_reass_dequeue_datagram
    ip4_frag.o(i.ip4_reass) refers to pbuf.o(i.pbuf_free) for pbuf_free
    ip4_frag.o(i.ip4_reass) refers to ip4_frag.o(.data) for .data
    ip4_frag.o(i.ip_frag_free_pbuf_custom_ref) refers to memp.o(i.memp_free) for memp_free
    ip4_frag.o(i.ip_reass_chain_frag_into_datagram_and_validate) refers to def.o(i.lwip_htons) for lwip_htons
    ip4_frag.o(i.ip_reass_chain_frag_into_datagram_and_validate) refers to pbuf.o(i.pbuf_clen) for pbuf_clen
[...]
    CAN2_RX1_IRQHandler                      0x08000227   Thumb Code     0  startup_stm32f767xx.o(.text)
    CAN2_SCE_IRQHandler                      0x08000227   Thumb Code     0  startup_stm32f767xx.o(.text)
    CAN2_TX_IRQHandler                       0x08000227   Thumb Code     0  startup_stm32f767xx.o(.text)
    CAN3_RX0_IRQHandler                      0x08000227   Thumb Code     0  startup_stm32f767xx.o(.text)
    CAN3_RX1_IRQHandler                      0x08000227   Thumb Code     0  startup_stm32f767xx.o(.text)
    CAN3_SCE_IRQHandler                      0x08000227   Thumb Code     0  startup_stm32f767xx.o(.text)
    CAN3_TX_IRQHandler                       0x08000227   Thumb Code     0  startup_stm32f767xx.o(.text)
    CEC_IRQHandler                           0x08000227   Thumb Code     0  startup_stm32f767xx.o(.text)
    DCMI_IRQHandler                          0x08000227   Thumb Code     0  startup_stm32f767xx.o(.text)
    DFSDM1_FLT0_IRQHandler                   0x08000227   Thumb Code     0  startup_stm32f767xx.o(.text)
    DFSDM1_FLT1_IRQHandler                   0x08000227   Thumb Code     0  startup_stm32f767xx.o(.text)
    DFSDM1_FLT2_IRQHandler                   0x08000227   Thumb Code     0  startup_stm32f767xx.o(.text)
    DFSDM1_FLT3_IRQHandler                   0x08000227   Thumb Code     0  startup_stm32f767xx.o(.text)
    DMA1_Stream0_IRQHandler                  0x08000227   Thumb Code     0  startup_stm32f767xx.o(.text)
    DMA1_Stream1_IRQHandler                  0x08000227   Thumb Code     0  startup_stm32f767xx.o(.text)
    DMA1_Stream2_IRQHandler                  0x08000227   Thumb Code     0  startup_stm32f767xx.o(.text)
    DMA1_Stream3_IRQHandler                  0x08000227   Thumb Code     0  startup_stm32f767xx.o(.text)
    DMA1_Stream4_IRQHandler                  0x08000227   Thumb Code     0  startup_stm32f767xx.o(.text)
    DMA1_Stream5_IRQHandler                  0x08000227   Thumb Code     0  startup_stm32f767xx.o(.text)
    DMA1_Stream6_IRQHandler                  0x08000227   Thumb Code     0  startup_stm32f767xx.o(.text)
    DMA1_Stream7_IRQHandler                  0x08000227   Thumb Code     0  startup_stm32f767xx.o(.text)
    DMA2D_IRQHandler                         0x08000227   Thumb Code     0  startup_stm32f767xx.o(.text)
    DMA2_Stream0_IRQHandler                  0x08000227   Thumb Code     0  startup_stm32f767xx.o(.text)
    DMA2_Stream1_IRQHandler                  0x08000227   Thumb Code     0  startup_stm32f767xx.o(.text)
    DMA2_Stream2_IRQHandler                  0x08000227   Thumb Code     0  startup_stm32f767xx.o(.text)
    DMA2_Stream3_IRQHandler                  0x08000227   Thumb Code     0  startup_stm32f767xx.o(.text)
    DMA2_Stream4_IRQHandler                  0x08000227   Thumb Code     0  startup_stm32f767xx.o(.text)
    DMA2_Stream5_IRQHandler                  0x08000227   Thumb Code     0  startup_stm32f767xx.o(.text)
    DMA2_Stream6_IRQHandler                  0x08000227   Thumb Code     0  startup_stm32f767xx.o(.text)
    DMA2_Stream7_IRQHandler                  0x08000227   Thumb Code     0  startup_stm32f767xx.o(.text)
    ETH_IRQHandler                           0x08000227   Thumb Code     0  startup_stm32f767xx.o(.text)
    ETH_WKUP_IRQHandler                      0x08000227   Thumb Code     0  startup_stm32f767xx.o(.text)
    EXTI0_IRQHandler                         0x08000227   Thumb Code     0  startup_stm32f767xx.o(.text)
    EXTI1_IRQHandler                         0x08000227   Thumb Code     0  startup_stm32f767xx.o(.text)
    EXTI2_IRQHandler                         0x08000227   Thumb Code     0  startup_stm32f767xx.o(.text)
    EXTI3_IRQHandler                         0x08000227   Thumb Code     0  startup_stm32f767xx.o(.text)
    EXTI4_IRQHandler                         0x08000227   Thumb Code     0  startup_stm32f767xx.o(.text)
    EXTI9_5_IRQHandler                       0x08000227   Thumb Code     0  startup_stm32f767xx.o(.text)
    FLASH_IRQHandler                         0x08000227   Thumb Code     0  startup_stm32f767xx.o(.text)
    FMC_IRQHandler                           0x08000227   Thumb Code     0  startup_stm32f767xx.o(.text)
    FPU_IRQHandler                           0x08000227   Thumb Code     0  startup_stm32f767xx.o(.text)
    I2C1_ER_IRQHandler                       0x08000227   Thumb Code     0  startup_stm32f767xx.o(.text)
    I2C1_EV_IRQHandler                       0x08000227   Thumb Code     0  startup_stm32f767xx.o(.text)
    I2C2_ER_IRQHandler                       0x08000227   Thumb Code     0  startup_stm32f767xx.o(.text)
    I2C2_EV_IRQHandler                       0x08000227   Thumb Code     0  startup_stm32f767xx.o(.text)
    I2C3_ER_IRQHandler                       0x08000227   Thumb Code     0  startup_stm32f767xx.o(.text)
    I2C3_EV_IRQHandler                       0x08000227   Thumb Code     0  startup_stm32f767xx.o(.text)
    I2C4_ER_IRQHandler                       0x08000227   Thumb Code     0  startup_stm32f767xx.o(.text)
    I2C4_EV_IRQHandler                       0x08000227   Thumb Code     0  startup_stm32f767xx.o(.text)
    JPEG_IRQHandler                          0x08000227   Thumb Code     0  startup_stm32f767xx.o(.text)
    LPTIM1_IRQHandler                        0x08000227   Thumb Code     0  startup_stm32f767xx.o(.text)
    LTDC_ER_IRQHandler                       0x08000227   Thumb Code     0  startup_stm32f767xx.o(.text)
    LTDC_IRQHandler                          0x08000227   Thumb Code     0  startup_stm32f767xx.o(.text)
    MDIOS_IRQHandler                         0x08000227   Thumb Code     0  startup_stm32f767xx.o(.text)
    OTG_FS_IRQHandler                        0x08000227   Thumb Code     0  startup_stm32f767xx.o(.text)
    OTG_FS_WKUP_IRQHandler                   0x08000227   Thumb Code     0  startup_stm32f767xx.o(.text)
    OTG_HS_EP1_IN_IRQHandler                 0x08000227   Thumb Code     0  startup_stm32f767xx.o(.text)
    OTG_HS_EP1_OUT_IRQHandler                0x08000227   Thumb Code     0  startup_stm32f767xx.o(.text)
    OTG_HS_IRQHandler                        0x08000227   Thumb Code     0  startup_stm32f767xx.o(.text)
    OTG_HS_WKUP_IRQHandler                   0x08000227   Thumb Code     0  startup_stm32f767xx.o(.text)
    PVD_IRQHandler                           0x08000227   Thumb Code     0  startup_stm32f767xx.o(.text)
    QUADSPI_IRQHandler                       0x08000227   Thumb Code     0  startup_stm32f767xx.o(.text)
    RCC_IRQHandler                           0x08000227   Thumb Code     0  startup_stm32f767xx.o(.text)
    RNG_IRQHandler                           0x08000227   Thumb Code     0  startup_stm32f767xx.o(.text)
    RTC_Alarm_IRQHandler                     0x08000227   Thumb Code     0  startup_stm32f767xx.o(.text)
    RTC_WKUP_IRQHandler                      0x08000227   Thumb Code     0  startup_stm32f767xx.o(.text)
    SAI1_IRQHandler                          0x08000227   Thumb Code     0  startup_stm32f767xx.o(.text)
    SAI2_IRQHandler                          0x08000227   Thumb Code     0  startup_stm32f767xx.o(.text)
    SDMMC1_IRQHandler                        0x08000227   Thumb Code     0  startup_stm32f767xx.o(.text)
    SDMMC2_IRQHandler                        0x08000227   Thumb Code     0  startup_stm32f767xx.o(.text)
    SPDIF_RX_IRQHandler                      0x08000227   Thumb Code     0  startup_stm32f767xx.o(.text)
    SPI1_IRQHandler                          0x08000227   Thumb Code     0  startup_stm32f767xx.o(.text)
    SPI2_IRQHandler                          0x08000227   Thumb Code     0  startup_stm32f767xx.o(.text)
    SPI3_IRQHandler                          0x08000227   Thumb Code     0  startup_stm32f767xx.o(.text)
    SPI4_IRQHandler                          0x08000227   Thumb Code     0  startup_stm32f767xx.o(.text)
    SPI5_IRQHandler                          0x08000227   Thumb Code     0  startup_stm32f767xx.o(.text)
    SPI6_IRQHandler                          0x08000227   Thumb Code     0  startup_stm32f767xx.o(.text)
    TAMP_STAMP_IRQHandler                    0x08000227   Thumb Code     0  startup_stm32f767xx.o(.text)
    TIM1_BRK_TIM9_IRQHandler                 0x08000227   Thumb Code     0  startup_stm32f767xx.o(.text)
    TIM1_CC_IRQHandler                       0x08000227   Thumb Code     0  startup_stm32f767xx.o(.text)
    TIM1_TRG_COM_TIM11_IRQHandler            0x08000227   Thumb Code     0  startup_stm32f767xx.o(.text)
    TIM2_IRQHandler                          0x08000227   Thumb Code     0  startup_stm32f767xx.o(.text)
    TIM3_IRQHandler                          0x08000227   Thumb Code     0  startup_stm32f767xx.o(.text)
    TIM4_IRQHandler                          0x08000227   Thumb Code     0  startup_stm32f767xx.o(.text)
    TIM5_IRQHandler                          0x08000227   Thumb Code     0  startup_stm32f767xx.o(.text)
    TIM6_DAC_IRQHandler                      0x08000227   Thumb Code     0  startup_stm32f767xx.o(.text)
    TIM7_IRQHandler                          0x08000227   Thumb Code     0  startup_stm32f767xx.o(.text)
    TIM8_BRK_TIM12_IRQHandler                0x08000227   Thumb Code     0  startup_stm32f767xx.o(.text)
    TIM8_CC_IRQHandler                       0x08000227   Thumb Code     0  startup_stm32f767xx.o(.text)
    TIM8_TRG_COM_TIM14_IRQHandler            0x08000227   Thumb Code     0  startup_stm32f767xx.o(.text)
    TIM8_UP_TIM13_IRQHandler                 0x08000227   Thumb Code     0  startup_stm32f767xx.o(.text)
    UART4_IRQHandler                         0x08000227   Thumb Code     0  startup_stm32f767xx.o(.text)
    UART5_IRQHandler                         0x08000227   Thumb Code     0  startup_stm32f767xx.o(.text)
    UART7_IRQHandler                         0x08000227   Thumb Code     0  startup_stm32f767xx.o(.text)
    UART8_IRQHandler                         0x08000227   Thumb Code     0  startup_stm32f767xx.o(.text)
    USART1_IRQHandler                        0x08000227   Thumb Code     0  startup_stm32f767xx.o(.text)
    USART2_IRQHandler                        0x08000227   Thumb Code     0  startup_stm32f767xx.o(.text)
    USART3_IRQHandler                        0x08000227   Thumb Code     0  startup_stm32f767xx.o(.text)
    USART6_IRQHandler                        0x08000227   Thumb Code     0  startup_stm32f767xx.o(.text)
    WWDG_IRQHandler                          0x08000227   Thumb Code     0  startup_stm32f767xx.o(.text)
    __aeabi_memcpy                           0x08000231   Thumb Code    36  memcpya.o(.text)
    __aeabi_memcpy4                          0x08000231   Thumb Code     0  memcpya.o(.text)
    __aeabi_memcpy8                          0x08000231   Thumb Code     0  memcpya.o(.text)
    __aeabi_memset                           0x08000255   Thumb Code    14  memseta.o(.text)
    __aeabi_memset4                          0x08000255   Thumb Code     0  memseta.o(.text)
    __aeabi_memset8                          0x08000255   Thumb Code     0  memseta.o(.text)
    __aeabi_memclr                           0x08000263   Thumb Code     4  memseta.o(.text)
    __aeabi_memclr4                          0x08000263   Thumb Code     0  memseta.o(.text)
    __aeabi_memclr8                          0x08000263   Thumb Code     0  memseta.o(.text)
    _memset$wrapper                          0x08000267   Thumb Code    18  memseta.o(.text)
    strcat                                   0x08000279   Thumb Code    24  strcat.o(.text)
    strchr                                   0x08000291   Thumb Code    20  strchr.o(.text)
    strlen                                   0x080002a5   Thumb Code    14  strlen.o(.text)
    strcmp                                   0x080002b3   Thumb Code    28  strcmp.o(.text)
    memcmp                                   0x080002cf   Thumb Code    26  memcmp.o(.text)
    strcpy                                   0x080002e9   Thumb Code    18  strcpy.o(.text)
    strncmp                                  0x080002fb   Thumb Code    30  strncmp.o(.text)
    atoi                                     0x08000319   Thumb Code    26  atoi.o(.text)
    __aeabi_uidiv                            0x08000333   Thumb Code     0  uidiv.o(.text)
    __aeabi_uidivmod                         0x08000333   Thumb Code    44  uidiv.o(.text)
    __aeabi_uldivmod                         0x0800035f   Thumb Code    98  uldiv.o(.text)
    strtol                                   0x080003c1   Thumb Code   112  strtol.o(.text)
    __I$use$fp                               0x08000431   Thumb Code     0  iusefp.o(.text)
    __aeabi_dadd                             0x08000431   Thumb Code   322  dadd.o(.text)
    __aeabi_dsub                             0x08000573   Thumb Code     6  dadd.o(.text)
    __aeabi_drsub                            0x08000579   Thumb Code     6  dadd.o(.text)
    __aeabi_dmul                             0x0800057f   Thumb Code   228  dmul.o(.text)
    __aeabi_ddiv                             0x08000663   Thumb Code   222  ddiv.o(.text)
    __aeabi_d2ulz                            0x08000741   Thumb Code    48  dfixul.o(.text)
    __aeabi_cdrcmple                         0x08000771   Thumb Code    48  cdrcmple.o(.text)
    __scatterload                            0x080007a1   Thumb Code    28  init.o(.text)
    __scatterload_rt2                        0x080007a1   Thumb Code     0  init.o(.text)
    __aeabi_llsl                             0x080007c5   Thumb Code    30  llshl.o(.text)
    _ll_shift_l                              0x080007c5   Thumb Code     0  llshl.o(.text)
    __aeabi_llsr                             0x080007e3   Thumb Code    32  llushr.o(.text)
    _ll_ushift_r                             0x080007e3   Thumb Code     0  llushr.o(.text)
    __aeabi_lasr                             0x08000803   Thumb Code    36  llsshr.o(.text)
    _ll_sshift_r                             0x08000803   Thumb Code     0  llsshr.o(.text)
    __rt_ctype_table                         0x08000829   Thumb Code     4  ctype_o.o(.text)
    _strtoul                                 0x08000831   Thumb Code   158  _strtoul.o(.text)
    _double_round                            0x080008cf   Thumb Code    30  depilogue.o(.text)
    _double_epilogue                         0x080008ed   Thumb Code   156  depilogue.o(.text)
    _chval                                   0x08000989   Thumb Code    28  _chval.o(.text)
    DAC_vbias_Init                           0x08000bbd   Thumb Code    58  cgi_handlers.o(i.DAC_vbias_Init)
    EXTI15_10_IRQHandler                     0x08000d6d   Thumb Code    38  stm32f7xx_it.o(i.EXTI15_10_IRQHandler)
    HAL_ADC_ConfigChannel                    0x08000d95   Thumb Code   338  stm32f7xx_hal_adc.o(i.HAL_ADC_ConfigChannel)
    HAL_ADC_GetValue                         0x08000ef9   Thumb Code     6  stm32f7xx_hal_adc.o(i.HAL_ADC_GetValue)
    HAL_ADC_Init                             0x08000eff   Thumb Code    84  stm32f7xx_hal_adc.o(i.HAL_ADC_Init)
    HAL_ADC_MspInit                          0x08000f55   Thumb Code    52  stm32f7xx_hal_msp.o(i.HAL_ADC_MspInit)
    HAL_ADC_PollForConversion                0x08000f95   Thumb Code   160  stm32f7xx_hal_adc.o(i.HAL_ADC_PollForConversion)
    HAL_ADC_Start                            0x08001035   Thumb Code   170  stm32f7xx_hal_adc.o(i.HAL_ADC_Start)
    HAL_DAC_ConfigChannel                    0x080010ed   Thumb Code    66  stm32f7xx_hal_dac.o(i.HAL_DAC_ConfigChannel)
    HAL_DAC_Init                             0x0800112f   Thumb Code    40  stm32f7xx_hal_dac.o(i.HAL_DAC_Init)
    HAL_DAC_MspInit                          0x08001159   Thumb Code    52  stm32f7xx_hal_msp.o(i.HAL_DAC_MspInit)
    HAL_DAC_SetValue                         0x08001199   Thumb Code    28  stm32f7xx_hal_dac.o(i.HAL_DAC_SetValue)
    HAL_DAC_Start                            0x080011b5   Thumb Code   110  stm32f7xx_hal_dac.o(i.HAL_DAC_Start)
    HAL_Delay                                0x08001223   Thumb Code    22  stm32f7xx_hal.o(i.HAL_Delay)
    HAL_ETH_ConfigMAC                        0x08001239   Thumb Code   320  stm32f7xx_hal_eth.o(i.HAL_ETH_ConfigMAC)
    HAL_ETH_DMARxDescListInit                0x0800137d   Thumb Code   116  stm32f7xx_hal_eth.o(i.HAL_ETH_DMARxDescListInit)
    HAL_ETH_DMATxDescListInit                0x080013f1   Thumb Code   132  stm32f7xx_hal_eth.o(i.HAL_ETH_DMATxDescListInit)
    HAL_ETH_GetReceivedFrame                 0x08001475   Thumb Code   126  stm32f7xx_hal_eth.o(i.HAL_ETH_GetReceivedFrame)
    HAL_ETH_Init                             0x080014f5   Thumb Code   454  stm32f7xx_hal_eth.o(i.HAL_ETH_Init)
    HAL_ETH_MspInit                          0x080016e5   Thumb Code   132  ethernetif.o(i.HAL_ETH_MspInit)
    HAL_ETH_ReadPHYRegister                  0x08001781   Thumb Code   134  stm32f7xx_hal_eth.o(i.HAL_ETH_ReadPHYRegister)
    HAL_ETH_Start                            0x08001807   Thumb Code   132  stm32f7xx_hal_eth.o(i.HAL_ETH_Start)
    HAL_ETH_Stop                             0x0800188b   Thumb Code   132  stm32f7xx_hal_eth.o(i.HAL_ETH_Stop)
    HAL_ETH_TransmitFrame                    0x0800190f   Thumb Code   274  stm32f7xx_hal_eth.o(i.HAL_ETH_TransmitFrame)
    HAL_ETH_WritePHYRegister                 0x08001a21   Thumb Code   122  stm32f7xx_hal_eth.o(i.HAL_ETH_WritePHYRegister)
    HAL_GPIO_EXTI_Callback                   0x08001a9d   Thumb Code   170  main.o(i.HAL_GPIO_EXTI_Callback)
    HAL_GPIO_EXTI_IRQHandler                 0x08001b69   Thumb Code    18  stm32f7xx_hal_gpio.o(i.HAL_GPIO_EXTI_IRQHandler)
    HAL_GPIO_Init                            0x08001b81   Thumb Code   418  stm32f7xx_hal_gpio.o(i.HAL_GPIO_Init)
    HAL_GPIO_TogglePin                       0x08001d59   Thumb Code     8  stm32f7xx_hal_gpio.o(i.HAL_GPIO_TogglePin)
    HAL_GPIO_WritePin                        0x08001d61   Thumb Code    10  stm32f7xx_hal_gpio.o(i.HAL_GPIO_WritePin)
    HAL_GetTick                              0x08001d6d   Thumb Code     6  stm32f7xx_hal.o(i.HAL_GetTick)
    HAL_IncTick                              0x08001d79   Thumb Code    10  stm32f7xx_hal.o(i.HAL_IncTick)
    HAL_Init                                 0x08001d89   Thumb Code    22  stm32f7xx_hal.o(i.HAL_Init)
    HAL_InitTick                             0x08001da1   Thumb Code    34  stm32f7xx_hal.o(i.HAL_InitTick)
    HAL_MspInit                              0x08001dc9   Thumb Code    88  stm32f7xx_hal_msp.o(i.HAL_MspInit)
    HAL_NVIC_EnableIRQ                       0x08001e21   Thumb Code    22  stm32f7xx_hal_cortex.o(i.HAL_NVIC_EnableIRQ)
    HAL_NVIC_SetPriority                     0x08001e39   Thumb Code    60  stm32f7xx_hal_cortex.o(i.HAL_NVIC_SetPriority)
    HAL_NVIC_SetPriorityGrouping             0x08001e79   Thumb Code    28  stm32f7xx_hal_cortex.o(i.HAL_NVIC_SetPriorityGrouping)
    HAL_PWREx_EnableOverDrive                0x08001e9d   Thumb Code   100  stm32f7xx_hal_pwr_ex.o(i.HAL_PWREx_EnableOverDrive)
    HAL_RCCEx_PeriphCLKConfig                0x08001f09   Thumb Code  1336  stm32f7xx_hal_rcc_ex.o(i.HAL_RCCEx_PeriphCLKConfig)
    HAL_RCC_ClockConfig                      0x08002445   Thumb Code   258  stm32f7xx_hal_rcc.o(i.HAL_RCC_ClockConfig)
    HAL_RCC_GetHCLKFreq                      0x08002559   Thumb Code     6  stm32f7xx_hal_rcc.o(i.HAL_RCC_GetHCLKFreq)
    HAL_RCC_GetSysClockFreq                  0x08002565   Thumb Code    60  stm32f7xx_hal_rcc.o(i.HAL_RCC_GetSysClockFreq)
    HAL_RCC_MCOConfig                        0x080025a9   Thumb Code   130  stm32f7xx_hal_rcc.o(i.HAL_RCC_MCOConfig)
    HAL_RCC_OscConfig                        0x0800263d   Thumb Code   814  stm32f7xx_hal_rcc.o(i.HAL_RCC_OscConfig)
    HAL_SPI_Init                             0x08002979   Thumb Code   196  stm32f7xx_hal_spi.o(i.HAL_SPI_Init)
    HAL_SPI_MspInit                          0x08002a3d   Thumb Code   104  stm32f7xx_hal_msp.o(i.HAL_SPI_MspInit)
    HAL_SPI_Transmit                         0x08002ab9   Thumb Code   318  stm32f7xx_hal_spi.o(i.HAL_SPI_Transmit)
    HAL_SPI_TransmitReceive                  0x08002bf9   Thumb Code   554  stm32f7xx_hal_spi.o(i.HAL_SPI_TransmitReceive)
    HAL_SYSTICK_CLKSourceConfig              0x08002e23   Thumb Code    24  stm32f7xx_hal_cortex.o(i.HAL_SYSTICK_CLKSourceConfig)
    HAL_SYSTICK_Callback                     0x08002e3b   Thumb Code     2  stm32f7xx_hal_cortex.o(i.HAL_SYSTICK_Callback)
    HAL_SYSTICK_Config                       0x08002e3d   Thumb Code    38  stm32f7xx_hal_cortex.o(i.HAL_SYSTICK_Config)
    HAL_SYSTICK_IRQHandler                   0x08002e63   Thumb Code     8  stm32f7xx_hal_cortex.o(i.HAL_SYSTICK_IRQHandler)
    HAL_TIMEx_BreakCallback                  0x08002e6b   Thumb Code     2  stm32f7xx_hal_tim_ex.o(i.HAL_TIMEx_BreakCallback)
    HAL_TIMEx_CommutationCallback            0x08002e6d   Thumb Code     2  stm32f7xx_hal_tim_ex.o(i.HAL_TIMEx_CommutationCallback)
    HAL_TIM_Base_Init                        0x08002e6f   Thumb Code    54  stm32f7xx_hal_tim.o(i.HAL_TIM_Base_Init)
    HAL_TIM_Base_MspInit                     0x08002ea5   Thumb Code    50  stm32f7xx_hal_msp.o(i.HAL_TIM_Base_MspInit)
    HAL_TIM_Base_Start_IT                    0x08002ee1   Thumb Code    24  stm32f7xx_hal_tim.o(i.HAL_TIM_Base_Start_IT)
    HAL_TIM_IC_CaptureCallback               0x08002ef9   Thumb Code     2  stm32f7xx_hal_tim.o(i.HAL_TIM_IC_CaptureCallback)
    HAL_TIM_IRQHandler                       0x08002efb   Thumb Code   382  stm32f7xx_hal_tim.o(i.HAL_TIM_IRQHandler)
    HAL_TIM_OC_DelayElapsedCallback          0x08003079   Thumb Code     2  stm32f7xx_hal_tim.o(i.HAL_TIM_OC_DelayElapsedCallback)
    HAL_TIM_PWM_PulseFinishedCallback        0x0800307b   Thumb Code     2  stm32f7xx_hal_tim.o(i.HAL_TIM_PWM_PulseFinishedCallback)
    HAL_TIM_PeriodElapsedCallback            0x0800307d   Thumb Code   120  main.o(i.HAL_TIM_PeriodElapsedCallback)
    HAL_TIM_TriggerCallback                  0x08003115   Thumb Code     2  stm32f7xx_hal_tim.o(i.HAL_TIM_TriggerCallback)
    MX_LWIP_Init                             0x080033c1   Thumb Code   164  lwip.o(i.MX_LWIP_Init)
    MX_LWIP_Process                          0x08003479   Thumb Code    16  lwip.o(i.MX_LWIP_Process)
    PendSV_Handler                           0x08003547   Thumb Code     2  stm32f7xx_it.o(i.PendSV_Handler)
    SVC_Handler                              0x0800372d   Thumb Code     2  stm32f7xx_it.o(i.SVC_Handler)
    SysTick_Handler                          0x0800372f   Thumb Code    14  stm32f7xx_it.o(i.SysTick_Handler)
    SystemClock_Config                       0x0800373d   Thumb Code   196  main.o(i.SystemClock_Config)
    SystemInit                               0x08003809   Thumb Code    68  system_stm32f7xx.o(i.SystemInit)
    TIM1_UP_TIM10_IRQHandler                 0x0800385d   Thumb Code     6  stm32f7xx_it.o(i.TIM1_UP_TIM10_IRQHandler)
    TIM_Base_SetConfig                       0x08003869   Thumb Code   158  stm32f7xx_hal_tim.o(i.TIM_Base_SetConfig)
    TPL_CGI_Handler                          0x08003935   Thumb Code   634  cgi_handlers.o(i.TPL_CGI_Handler)
    _Error_Handler                           0x08003c3d   Thumb Code     2  main.o(i._Error_Handler)
    __0sprintf                               0x08003c41   Thumb Code    34  printfa.o(i.__0sprintf)
    __1sprintf                               0x08003c41   Thumb Code     0  printfa.o(i.__0sprintf)
    __2sprintf                               0x08003c41   Thumb Code     0  printfa.o(i.__0sprintf)
    __c89sprintf                             0x08003c41   Thumb Code     0  printfa.o(i.__0sprintf)
    sprintf                                  0x08003c41   Thumb Code     0  printfa.o(i.__0sprintf)
    __aeabi_errno_addr                       0x08003c69   Thumb Code     4  errno.o(i.__aeabi_errno_addr)
    __rt_errno_addr                          0x08003c69   Thumb Code     0  errno.o(i.__aeabi_errno_addr)
    __scatterload_copy                       0x08003c71   Thumb Code    14  handlers.o(i.__scatterload_copy)
    __scatterload_null                       0x08003c7f   Thumb Code     2  handlers.o(i.__scatterload_null)
    __scatterload_zeroinit                   0x08003c81   Thumb Code    14  handlers.o(i.__scatterload_zeroinit)
    compute_distance                         0x0800454d   Thumb Code   270  main.o(i.compute_distance)
    couple_spi_cs                            0x08004661   Thumb Code    92  main.o(i.couple_spi_cs)
    etharp_cleanup_netif                     0x08004705   Thumb Code    42  etharp.o(i.etharp_cleanup_netif)
    etharp_input                             0x08004835   Thumb Code   160  etharp.o(i.etharp_input)
    etharp_output                            0x080048d5   Thumb Code   220  etharp.o(i.etharp_output)
    etharp_query                             0x08004a1d   Thumb Code   232  etharp.o(i.etharp_query)
    etharp_request                           0x08004b95   Thumb Code     6  etharp.o(i.etharp_request)
    etharp_tmr                               0x08004bc1   Thumb Code    92  etharp.o(i.etharp_tmr)
    ethernet_input                           0x08004ca1   Thumb Code   154  ethernet.o(i.ethernet_input)
    ethernet_output                          0x08004d41   Thumb Code    74  ethernet.o(i.ethernet_output)
    ethernetif_init                          0x08004d8d   Thumb Code    30  ethernetif.o(i.ethernetif_init)
    ethernetif_input                         0x08004db5   Thumb Code    34  ethernetif.o(i.ethernetif_input)
    ethernetif_notify_conn_changed           0x08004dd7   Thumb Code     2  ethernetif.o(i.ethernetif_notify_conn_changed)
    ethernetif_update_config                 0x08004dd9   Thumb Code   170  ethernetif.o(i.ethernetif_update_config)
    fs_bytes_left                            0x08004eed   Thumb Code     8  fs.o(i.fs_bytes_left)
    fs_close                                 0x08004ef5   Thumb Code     2  fs.o(i.fs_close)
    fs_open                                  0x08004ef9   Thumb Code    64  fs.o(i.fs_open)
    http_server_init                         0x08005469   Thumb Code    30  cgi_handlers.o(i.http_server_init)
    http_set_cgi_handlers                    0x08005491   Thumb Code     8  httpd.o(i.http_set_cgi_handlers)
    httpd_init                               0x08005531   Thumb Code    44  httpd.o(i.httpd_init)
    icmp_dest_unreach                        0x08005565   Thumb Code     8  icmp.o(i.icmp_dest_unreach)
    icmp_input                               0x0800556d   Thumb Code   244  icmp.o(i.icmp_input)
    icmp_time_exceeded                       0x080056d1   Thumb Code     8  icmp.o(i.icmp_time_exceeded)
    ip4_addr_isbroadcast_u32                 0x080056d9   Thumb Code    46  ip4_addr.o(i.ip4_addr_isbroadcast_u32)
    ip4_frag                                 0x08005709   Thumb Code   346  ip4_frag.o(i.ip4_frag)
    ip4_input                                0x08005869   Thumb Code   402  ip4.o(i.ip4_input)
    ip4_output_if                            0x08005a05   Thumb Code    30  ip4.o(i.ip4_output_if)
    ip4_output_if_src                        0x08005a25   Thumb Code   162  ip4.o(i.ip4_output_if_src)
    ip4_reass                                0x08005ad1   Thumb Code   398  ip4_frag.o(i.ip4_reass)
    ip4_route                                0x08005c65   Thumb Code    82  ip4.o(i.ip4_route)
    ip_reass_tmr                             0x08005ecd   Thumb Code    40  ip4_frag.o(i.ip_reass_tmr)
    lwip_htonl                               0x08006175   Thumb Code     4  def.o(i.lwip_htonl)
    lwip_htons                               0x08006179   Thumb Code     4  def.o(i.lwip_htons)
    lwip_init                                0x0800617d   Thumb Code    30  init.o(i.lwip_init)
    lwip_strnstr                             0x0800619b   Thumb Code    64  def.o(i.lwip_strnstr)
    main                                     0x080061dd   Thumb Code   326  main.o(i.main)
    malloc                                   0x0800634d   Thumb Code    92  malloc.o(i.malloc)
    mem_free                                 0x080063b9   Thumb Code    40  mem.o(i.mem_free)
    mem_init                                 0x080063e5   Thumb Code    42  mem.o(i.mem_init)
    mem_malloc                               0x08006419   Thumb Code   162  mem.o(i.mem_malloc)
    mem_trim                                 0x080064c1   Thumb Code   208  mem.o(i.mem_trim)
    memp_free                                0x08006595   Thumb Code    20  memp.o(i.memp_free)
    memp_init                                0x080065ad   Thumb Code    26  memp.o(i.memp_init)
    memp_init_pool                           0x080065cd   Thumb Code    42  memp.o(i.memp_init_pool)
    memp_malloc                              0x080065f9   Thumb Code    18  memp.o(i.memp_malloc)
    netif_add                                0x08006611   Thumb Code    80  netif.o(i.netif_add)
    netif_init                               0x08006665   Thumb Code     2  netif.o(i.netif_init)
    netif_set_addr                           0x08006681   Thumb Code    72  netif.o(i.netif_set_addr)
    netif_set_default                        0x080066c9   Thumb Code     6  netif.o(i.netif_set_default)
    netif_set_down                           0x080066d5   Thumb Code    26  netif.o(i.netif_set_down)
    netif_set_gw                             0x080066ef   Thumb Code     8  netif.o(i.netif_set_gw)
    netif_set_ipaddr                         0x080066f9   Thumb Code    60  netif.o(i.netif_set_ipaddr)
    netif_set_link_callback                  0x08006739   Thumb Code     8  netif.o(i.netif_set_link_callback)
    netif_set_netmask                        0x08006741   Thumb Code     8  netif.o(i.netif_set_netmask)
    netif_set_up                             0x08006749   Thumb Code    28  netif.o(i.netif_set_up)
    pbuf_alloc                               0x08006765   Thumb Code   290  pbuf.o(i.pbuf_alloc)
    pbuf_alloced_custom                      0x0800688d   Thumb Code    82  pbuf.o(i.pbuf_alloced_custom)
    pbuf_cat                                 0x080068df   Thumb Code    40  pbuf.o(i.pbuf_cat)
    pbuf_clen                                0x08006907   Thumb Code    18  pbuf.o(i.pbuf_clen)
    pbuf_copy                                0x08006919   Thumb Code   154  pbuf.o(i.pbuf_copy)
    pbuf_copy_partial                        0x080069b3   Thumb Code   102  pbuf.o(i.pbuf_copy_partial)
    pbuf_free                                0x08006a19   Thumb Code    82  pbuf.o(i.pbuf_free)
    pbuf_free_ooseq                          0x08006a6d   Thumb Code    34  pbuf.o(i.pbuf_free_ooseq)
    pbuf_header                              0x08006a99   Thumb Code     6  pbuf.o(i.pbuf_header)
    pbuf_header_force                        0x08006a9f   Thumb Code     6  pbuf.o(i.pbuf_header_force)
    pbuf_realloc                             0x08006b09   Thumb Code    84  pbuf.o(i.pbuf_realloc)
    pbuf_ref                                 0x08006b5d   Thumb Code    12  pbuf.o(i.pbuf_ref)
    pbuf_take                                0x08006b69   Thumb Code    84  pbuf.o(i.pbuf_take)
    send_back_data                           0x08006c11   Thumb Code    60  cgi_handlers.o(i.send_back_data)
    spi_set_cs_high                          0x08006c51   Thumb Code    72  main.o(i.spi_set_cs_high)
    sys_check_timeouts                       0x08006ca5   Thumb Code    80  timeouts.o(i.sys_check_timeouts)
    sys_now                                  0x08006cfd   Thumb Code     4  ethernetif.o(i.sys_now)
    sys_timeout                              0x08006d01   Thumb Code   138  timeouts.o(i.sys_timeout)
    sys_timeouts_init                        0x08006d91   Thumb Code    38  timeouts.o(i.sys_timeouts_init)
    tcp_abandon                              0x08006dc5   Thumb Code   210  tcp.o(i.tcp_abandon)
    tcp_abort                                0x08006e9d   Thumb Code     6  tcp.o(i.tcp_abort)
    tcp_accept                               0x08006ea3   Thumb Code    14  tcp.o(i.tcp_accept)
    tcp_alloc                                0x08006ec1   Thumb Code   258  tcp.o(i.tcp_alloc)
    tcp_arg                                  0x08006fd1   Thumb Code     8  tcp.o(i.tcp_arg)
    tcp_bind                                 0x08006fd9   Thumb Code   134  tcp.o(i.tcp_bind)
    tcp_client_connect                       0x0800706d   Thumb Code    68  tcp_client.o(i.tcp_client_connect)
    tcp_close                                0x0800729d   Thumb Code    20  tcp.o(i.tcp_close)
    tcp_connect                              0x08007415   Thumb Code   226  tcp.o(i.tcp_connect)
    tcp_eff_send_mss_impl                    0x08007595   Thumb Code    34  tcp.o(i.tcp_eff_send_mss_impl)
    tcp_enqueue_flags                        0x080075b7   Thumb Code   150  tcp_out.o(i.tcp_enqueue_flags)
    tcp_err                                  0x0800764d   Thumb Code    10  tcp.o(i.tcp_err)
    tcp_fasttmr                              0x08007659   Thumb Code    84  tcp.o(i.tcp_fasttmr)
    tcp_init                                 0x080076e1   Thumb Code     2  tcp.o(i.tcp_init)
    tcp_input                                0x080076e5   Thumb Code   852  tcp_in.o(i.tcp_input)
    tcp_keepalive                            0x08007a51   Thumb Code    82  tcp_out.o(i.tcp_keepalive)
    tcp_listen_with_backlog                  0x08007bcd   Thumb Code   124  tcp.o(i.tcp_listen_with_backlog)
    tcp_netif_ip_addr_changed                0x08007c51   Thumb Code    72  tcp.o(i.tcp_netif_ip_addr_changed)
    tcp_new                                  0x08007cbf   Thumb Code     6  tcp.o(i.tcp_new)
    tcp_new_ip_type                          0x08007cc5   Thumb Code     6  tcp.o(i.tcp_new_ip_type)
    tcp_next_iss                             0x08007d29   Thumb Code    12  tcp.o(i.tcp_next_iss)
    tcp_output                               0x08007db5   Thumb Code   452  tcp_out.o(i.tcp_output)
    tcp_pcb_purge                            0x0800815b   Thumb Code    66  tcp.o(i.tcp_pcb_purge)
    tcp_pcb_remove                           0x0800819d   Thumb Code    80  tcp.o(i.tcp_pcb_remove)
    tcp_poll                                 0x080081ed   Thumb Code     8  tcp.o(i.tcp_poll)
    tcp_process_refused_data                 0x08008569   Thumb Code   108  tcp.o(i.tcp_process_refused_data)
    tcp_recv                                 0x08008ca9   Thumb Code    10  tcp.o(i.tcp_recv)
    tcp_recv_null                            0x08008cb3   Thumb Code    36  tcp.o(i.tcp_recv_null)
    tcp_recved                               0x08008cd7   Thumb Code    66  tcp.o(i.tcp_recved)
    tcp_rexmit                               0x08008d19   Thumb Code    82  tcp_out.o(i.tcp_rexmit)
    tcp_rexmit_fast                          0x08008d6b   Thumb Code    92  tcp_out.o(i.tcp_rexmit_fast)
    tcp_rexmit_rto                           0x08008dc7   Thumb Code    44  tcp_out.o(i.tcp_rexmit_rto)
    tcp_rst                                  0x08008df3   Thumb Code   128  tcp_out.o(i.tcp_rst)
    tcp_seg_copy                             0x08008e73   Thumb Code    40  tcp.o(i.tcp_seg_copy)
    tcp_seg_free                             0x08008e9b   Thumb Code    28  tcp.o(i.tcp_seg_free)
    tcp_segs_free                            0x08008eb7   Thumb Code    18  tcp.o(i.tcp_segs_free)
    tcp_send                                 0x08008ec9   Thumb Code     8  tcp_client.o(i.tcp_send)
    tcp_send_empty_ack                       0x08008ed5   Thumb Code   114  tcp_out.o(i.tcp_send_empty_ack)
    tcp_send_fin                             0x08008f47   Thumb Code    68  tcp_out.o(i.tcp_send_fin)
    tcp_sent                                 0x08008f8b   Thumb Code     8  tcp.o(i.tcp_sent)
    tcp_setprio                              0x08008f93   Thumb Code     4  tcp.o(i.tcp_setprio)
    tcp_slowtmr                              0x08008f99   Thumb Code   626  tcp.o(i.tcp_slowtmr)
    tcp_timer_needed                         0x0800921d   Thumb Code    36  timeouts.o(i.tcp_timer_needed)
    tcp_tmr                                  0x080092b9   Thumb Code    28  tcp.o(i.tcp_tmr)
    tcp_trigger_input_pcb_close              0x080092d9   Thumb Code    12  tcp_in.o(i.tcp_trigger_input_pcb_close)
    tcp_update_rcv_ann_wnd                   0x080092e9   Thumb Code    54  tcp.o(i.tcp_update_rcv_ann_wnd)
    tcp_write                                0x0800931f   Thumb Code   758  tcp_out.o(i.tcp_write)
    tcp_zero_window_probe                    0x08009615   Thumb Code   174  tcp_out.o(i.tcp_zero_window_probe)
    tdc_enable_measure                       0x080096fd   Thumb Code    56  spi.o(i.tdc_enable_measure)
    tdc_obtain_measure                       0x08009735   Thumb Code    90  spi.o(i.tdc_obtain_measure)
    udp_init                                 0x0800978f   Thumb Code     2  udp.o(i.udp_init)
    udp_input                                0x08009791   Thumb Code   282  udp.o(i.udp_input)
    udp_netif_ip_addr_changed                0x080098b5   Thumb Code    48  udp.o(i.udp_netif_ip_addr_changed)
    utils_init_regs                          0x080098e9   Thumb Code    34  utils_1.o(i.utils_init_regs)
    AHBPrescTable                            0x0800990a   Data          16  system_stm32f7xx.o(.constdata)
    ethbroadcast                             0x0800991a   Data           6  ethernet.o(.constdata)
    ethzero                                  0x08009920   Data           6  ethernet.o(.constdata)
    ip_addr_any                              0x08009928   Data           4  ip4_addr.o(.constdata)
    memp_UDP_PCB                             0x0800992c   Data          12  memp.o(.constdata)
    memp_TCP_PCB                             0x08009938   Data          12  memp.o(.constdata)
    memp_TCP_PCB_LISTEN                      0x08009944   Data          12  memp.o(.constdata)
    memp_TCP_SEG                             0x08009950   Data          12  memp.o(.constdata)
    memp_REASSDATA                           0x0800995c   Data          12  memp.o(.constdata)
    memp_FRAG_PBUF                           0x08009968   Data          12  memp.o(.constdata)
    memp_SYS_TIMEOUT                         0x08009974   Data          12  memp.o(.constdata)
    memp_PBUF                                0x08009980   Data          12  memp.o(.constdata)
    memp_PBUF_POOL                           0x0800998c   Data          12  memp.o(.constdata)
    memp_pools                               0x08009998   Data          36  memp.o(.constdata)
    g_psDefaultFilenames                     0x080099bc   Data          40  httpd.o(.constdata)
    lwip_cyclic_timers                       0x080099e4   Data          24  timeouts.o(.constdata)
    tcp_pcb_lists                            0x08009a40   Data          16  tcp.o(.constdata)
    file__img_sics_gif                       0x0800a7a8   Data          20  fs.o(.constdata)
    file__404_html                           0x0800a7bc   Data          20  fs.o(.constdata)
    file__index_html                         0x0800a7d0   Data          20  fs.o(.constdata)
    TPL_CGI                                  0x0800a7e4   Data           8  cgi_handlers.o(.constdata)
    __ctype_table                            0x0800a7ec   Data         129  ctype_o.o(.constdata)
    Region$$Table$$Base                      0x0800a938   Number         0  anon$$obj.o(Region$$Table)
    Region$$Table$$Limit                     0x0800a958   Number         0  anon$$obj.o(Region$$Table)
    SystemCoreClock                          0x20000000   Data           4  system_stm32f7xx.o(.data)
    netif_list                               0x20000014   Data           4  netif.o(.data)
    netif_default                            0x20000018   Data           4  netif.o(.data)
    pbuf_free_ooseq_pending                  0x2000001c   Data           1  pbuf.o(.data)
    udp_pcbs                                 0x20000048   Data           4  udp.o(.data)
    g_pCGIs                                  0x2000004c   Data           4  httpd.o(.data)
    g_iNumCGIs                               0x20000050   Data           4  httpd.o(.data)
    http_cgi_paramcount                      0x20000054   Data           4  httpd.o(.data)
    tcp_active_pcbs_changed                  0x20000064   Data           1  tcp.o(.data)
    tcp_ticks                                0x20000070   Data           4  tcp.o(.data)
    tcp_bound_pcbs                           0x20000074   Data           4  tcp.o(.data)
    tcp_listen_pcbs                          0x20000078   Data           4  tcp.o(.data)
    tcp_active_pcbs                          0x2000007c   Data           4  tcp.o(.data)
    tcp_tw_pcbs                              0x20000080   Data           4  tcp.o(.data)
    tcp_input_pcb                            0x200000b0   Data           4  tcp_in.o(.data)
    uwTick                                   0x200000b4   Data           4  stm32f7xx_hal.o(.data)
    ipaddr                                   0x200000b8   Data           4  lwip.o(.data)
    netmask                                  0x200000bc   Data           4  lwip.o(.data)
    gw                                       0x200000c0   Data           4  lwip.o(.data)
    IP_ADDRESS                               0x200000c4   Data           4  lwip.o(.data)
    NETMASK_ADDRESS                          0x200000c8   Data           4  lwip.o(.data)
    GATEWAY_ADDRESS                          0x200000cc   Data           4  lwip.o(.data)
    alive_conn                               0x200000d0   Data           4  main.o(.data)
    alive_pcb                                0x200000d4   Data           4  main.o(.data)
    ADC1_not_configured                      0x200000d8   Data           4  cgi_handlers.o(.data)
    ADC2_not_configured                      0x200000dc   Data           4  cgi_handlers.o(.data)
    SPI_not_configured                       0x200000e0   Data           4  cgi_handlers.o(.data)
    DAC_not_configured                       0x200000e4   Data           4  cgi_handlers.o(.data)
    config_mode                              0x200000e8   Data           4  cgi_handlers.o(.data)
    num_of_points                            0x200000ec   Data           4  cgi_handlers.o(.data)
    CGI_TAB                                  0x200000f0   Data           8  cgi_handlers.o(.data)
    message_count                            0x200000f8   Data           4  tcp_client.o(.data)
    variable                                 0x200000fc   Data           4  tcp_client.o(.data)
    data                                     0x20000100   Data           4  tcp_client.o(.data)
    client_pcb                               0x20000104   Data           4  tcp_client.o(.data)
    listen_pcb                               0x20000108   Data           4  tcp_client.o(.data)
    __microlib_freelist                      0x2000010c   Data           4  mvars.o(.data)
    __microlib_freelist_initialised          0x20000110   Data           4  mvars.o(.data)
    ip_data                                  0x20000208   Data          24  ip.o(.bss)
    memp_memory_UDP_PCB_base                 0x20000220   Data         131  memp.o(.bss)
    memp_memory_TCP_PCB_base                 0x200002a3   Data         915  memp.o(.bss)
    memp_memory_TCP_PCB_LISTEN_base          0x20000636   Data         227  memp.o(.bss)
    memp_memory_TCP_SEG_base                 0x20000719   Data         259  memp.o(.bss)
    memp_memory_REASSDATA_base               0x2000081c   Data         163  memp.o(.bss)
    memp_memory_FRAG_PBUF_base               0x200008bf   Data         363  memp.o(.bss)
    memp_memory_SYS_TIMEOUT_base             0x20000a2a   Data          51  memp.o(.bss)
    memp_memory_PBUF_base                    0x20000a5d   Data         259  memp.o(.bss)
    memp_memory_PBUF_POOL_base               0x20000b60   Data        9731  memp.o(.bss)
    ram_heap                                 0x200035a3   Data        1619  mem.o(.bss)
    gnetif                                   0x20003c08   Data          52  lwip.o(.bss)
    DMARxDscrTab                             0x20003c3c   Data         128  ethernetif.o(.bss)
    DMATxDscrTab                             0x20003cbc   Data         128  ethernetif.o(.bss)
    Rx_Buff                                  0x20003d3c   Data        6096  ethernetif.o(.bss)
    Tx_Buff                                  0x2000550c   Data        6096  ethernetif.o(.bss)
    heth                                     0x20006cdc   Data          72  ethernetif.o(.bss)
    hadc3                                    0x20006d28   Data          72  main.o(.bss)
    hdac                                     0x20006d70   Data          20  main.o(.bss)
    hspi4                                    0x20006d84   Data         100  main.o(.bss)
    hspi5                                    0x20006de8   Data         100  main.o(.bss)
    htim10                                   0x20006e4c   Data          64  main.o(.bss)
    spiTX                                    0x20006e8c   Data          12  main.o(.bss)
    spiRX0                                   0x20006e98   Data          12  main.o(.bss)
    spiRX1                                   0x20006ea4   Data          12  main.o(.bss)
    spiRX2                                   0x20006eb0   Data          12  main.o(.bss)
    tplA                                     0x20006ebc   Data          12  main.o(.bss)
    tplB                                     0x20006ec8   Data          12  main.o(.bss)
    TX                                       0x20006ed4   Data          16  main.o(.bss)
    RX0                                      0x20006ee4   Data          16  main.o(.bss)
    RX1                                      0x20006ef4   Data          16  main.o(.bss)
    RX2                                      0x20006f04   Data          16  main.o(.bss)
    distance                                 0x20006f18   Data          32  main.o(.bss)
    spi                                      0x20006f38   Data         100  cgi_handlers.o(.bss)
    vbias                                    0x20006f9c   Data          20  cgi_handlers.o(.bss)
    temp1                                    0x20006fb0   Data          72  cgi_handlers.o(.bss)
    temp2                                    0x20006ff8   Data          72  cgi_handlers.o(.bss)
    __heap_base                              0x20007040   Data           0  startup_stm32f767xx.o(HEAP)
    __heap_limit                             0x20007240   Data           0  startup_stm32f767xx.o(HEAP)
    __initial_sp                             0x20007640   Data           0  startup_stm32f767xx.o(STACK)



==============================================================================

Memory Map of the image

  Image Entry point : 0x080001f9

  Load Region LR_IROM1 (Base: 0x08000000, Size: 0x0000aa70, Max: 0x00200000, ABSOLUTE)

    Execution Region ER_IROM1 (Base: 0x08000000, Size: 0x0000a958, Max: 0x00200000, ABSOLUTE)

    Base Addr    Size         Type   Attr      Idx    E Section Name        Object

    0x08000000   0x000001f8   Data   RO          311    RESET               startup_stm32f767xx.o
    0x080001f8   0x00000000   Code   RO         7235  * .ARM.Collect$$$$00000000  mc_w.l(entry.o)
    0x080001f8   0x00000004   Code   RO         7549    .ARM.Collect$$$$00000001  mc_w.l(entry2.o)
    0x080001fc   0x00000004   Code   RO         7552    .ARM.Collect$$$$00000004  mc_w.l(entry5.o)
    0x08000200   0x00000000   Code   RO         7554    .ARM.Collect$$$$00000008  mc_w.l(entry7b.o)
    0x08000200   0x00000000   Code   RO         7556    .ARM.Collect$$$$0000000A  mc_w.l(entry8b.o)
    0x08000200   0x00000008   Code   RO         7557    .ARM.Collect$$$$0000000B  mc_w.l(entry9a.o)
    0x08000208   0x00000000   Code   RO         7559    .ARM.Collect$$$$0000000D  mc_w.l(entry10a.o)
    0x08000208   0x00000000   Code   RO         7561    .ARM.Collect$$$$0000000F  mc_w.l(entry11a.o)
    0x08000208   0x00000004   Code   RO         7550    .ARM.Collect$$$$00002712  mc_w.l(entry2.o)
    0x0800020c   0x00000024   Code   RO          312    .text               startup_stm32f767xx.o
    0x08000230   0x00000024   Code   RO         7238    .text               mc_w.l(memcpya.o)
    0x08000254   0x00000024   Code   RO         7240    .text               mc_w.l(memseta.o)
    0x08000278   0x00000018   Code   RO         7242    .text               mc_w.l(strcat.o)
    0x08000290   0x00000014   Code   RO         7244    .text               mc_w.l(strchr.o)
    0x080002a4   0x0000000e   Code   RO         7246    .text               mc_w.l(strlen.o)
    0x080002b2   0x0000001c   Code   RO         7248    .text               mc_w.l(strcmp.o)
    0x080002ce   0x0000001a   Code   RO         7250    .text               mc_w.l(memcmp.o)
    0x080002e8   0x00000012   Code   RO         7252    .text               mc_w.l(strcpy.o)
    0x080002fa   0x0000001e   Code   RO         7254    .text               mc_w.l(strncmp.o)
    0x08000318   0x0000001a   Code   RO         7547    .text               mc_w.l(atoi.o)
    0x08000332   0x0000002c   Code   RO         7566    .text               mc_w.l(uidiv.o)
    0x0800035e   0x00000062   Code   RO         7568    .text               mc_w.l(uldiv.o)
    0x080003c0   0x00000070   Code   RO         7579    .text               mc_w.l(strtol.o)
    0x08000430   0x00000000   Code   RO         7581    .text               mc_w.l(iusefp.o)
    0x08000430   0x0000014e   Code   RO         7582    .text               mf_w.l(dadd.o)
    0x0800057e   0x000000e4   Code   RO         7584    .text               mf_w.l(dmul.o)
    0x08000662   0x000000de   Code   RO         7586    .text               mf_w.l(ddiv.o)
    0x08000740   0x00000030   Code   RO         7588    .text               mf_w.l(dfixul.o)
    0x08000770   0x00000030   Code   RO         7590    .text               mf_w.l(cdrcmple.o)
    0x080007a0   0x00000024   Code   RO         7592    .text               mc_w.l(init.o)
    0x080007c4   0x0000001e   Code   RO         7595    .text               mc_w.l(llshl.o)
    0x080007e2   0x00000020   Code   RO         7597    .text               mc_w.l(llushr.o)
    0x08000802   0x00000024   Code   RO         7599    .text               mc_w.l(llsshr.o)
    0x08000826   0x00000002   PAD
    0x08000828   0x00000008   Code   RO         7601    .text               mc_w.l(ctype_o.o)
    0x08000830   0x0000009e   Code   RO         7629    .text               mc_w.l(_strtoul.o)
    0x080008ce   0x000000ba   Code   RO         7632    .text               mf_w.l(depilogue.o)
    0x08000988   0x0000001c   Code   RO         7634    .text               mc_w.l(_chval.o)
    0x080009a4   0x00000134   Code   RO         5786    i.ADC_Init          stm32f7xx_hal_adc.o
    0x08000ad8   0x00000068   Code   RO         7094    i.ADC_temp1_config  cgi_handlers.o
    0x08000b40   0x0000007c   Code   RO         7095    i.ADC_temp2_config  cgi_handlers.o
    0x08000bbc   0x0000005c   Code   RO         7096    i.DAC_vbias_Init    cgi_handlers.o
    0x08000c18   0x0000002e   Code   RO         4547    i.ETH_FlushTransmitFIFO  stm32f7xx_hal_eth.o
    0x08000c46   0x00000002   PAD
    0x08000c48   0x00000124   Code   RO         4548    i.ETH_MACDMAConfig  stm32f7xx_hal_eth.o
    0x08000d6c   0x00000026   Code   RO         6905    i.EXTI15_10_IRQHandler  stm32f7xx_it.o
    0x08000d92   0x00000002   PAD
    0x08000d94   0x00000164   Code   RO         5788    i.HAL_ADC_ConfigChannel  stm32f7xx_hal_adc.o
    0x08000ef8   0x00000006   Code   RO         5795    i.HAL_ADC_GetValue  stm32f7xx_hal_adc.o
    0x08000efe   0x00000054   Code   RO         5797    i.HAL_ADC_Init      stm32f7xx_hal_adc.o
    0x08000f52   0x00000002   PAD
    0x08000f54   0x00000040   Code   RO         6666    i.HAL_ADC_MspInit   stm32f7xx_hal_msp.o
    0x08000f94   0x000000a0   Code   RO         5801    i.HAL_ADC_PollForConversion  stm32f7xx_hal_adc.o
    0x08001034   0x000000b8   Code   RO         5803    i.HAL_ADC_Start     stm32f7xx_hal_adc.o
    0x080010ec   0x00000042   Code   RO         6311    i.HAL_DAC_ConfigChannel  stm32f7xx_hal_dac.o
    0x0800112e   0x00000028   Code   RO         6321    i.HAL_DAC_Init      stm32f7xx_hal_dac.o
    0x08001156   0x00000002   PAD
    0x08001158   0x00000040   Code   RO         6668    i.HAL_DAC_MspInit   stm32f7xx_hal_msp.o
    0x08001198   0x0000001c   Code   RO         6324    i.HAL_DAC_SetValue  stm32f7xx_hal_dac.o
    0x080011b4   0x0000006e   Code   RO         6325    i.HAL_DAC_Start     stm32f7xx_hal_dac.o
    0x08001222   0x00000016   Code   RO         6456    i.HAL_Delay         stm32f7xx_hal.o
    0x08001238   0x00000144   Code   RO         4550    i.HAL_ETH_ConfigMAC  stm32f7xx_hal_eth.o
    0x0800137c   0x00000074   Code   RO         4551    i.HAL_ETH_DMARxDescListInit  stm32f7xx_hal_eth.o
    0x080013f0   0x00000084   Code   RO         4552    i.HAL_ETH_DMATxDescListInit  stm32f7xx_hal_eth.o
    0x08001474   0x0000007e   Code   RO         4555    i.HAL_ETH_GetReceivedFrame  stm32f7xx_hal_eth.o
    0x080014f2   0x00000002   PAD
    0x080014f4   0x000001f0   Code   RO         4559    i.HAL_ETH_Init      stm32f7xx_hal_eth.o
    0x080016e4   0x0000009c   Code   RO         6812    i.HAL_ETH_MspInit   ethernetif.o
    0x08001780   0x00000086   Code   RO         4562    i.HAL_ETH_ReadPHYRegister  stm32f7xx_hal_eth.o
    0x08001806   0x00000084   Code   RO         4564    i.HAL_ETH_Start     stm32f7xx_hal_eth.o
    0x0800188a   0x00000084   Code   RO         4565    i.HAL_ETH_Stop      stm32f7xx_hal_eth.o
    0x0800190e   0x00000112   Code   RO         4566    i.HAL_ETH_TransmitFrame  stm32f7xx_hal_eth.o
    0x08001a20   0x0000007a   Code   RO         4568    i.HAL_ETH_WritePHYRegister  stm32f7xx_hal_eth.o
    0x08001a9a   0x00000002   PAD
    0x08001a9c   0x000000cc   Code   RO         6957    i.HAL_GPIO_EXTI_Callback  main.o
    0x08001b68   0x00000018   Code   RO         4377    i.HAL_GPIO_EXTI_IRQHandler  stm32f7xx_hal_gpio.o
    0x08001b80   0x000001d8   Code   RO         4378    i.HAL_GPIO_Init     stm32f7xx_hal_gpio.o
    0x08001d58   0x00000008   Code   RO         4381    i.HAL_GPIO_TogglePin  stm32f7xx_hal_gpio.o
    0x08001d60   0x0000000a   Code   RO         4382    i.HAL_GPIO_WritePin  stm32f7xx_hal_gpio.o
    0x08001d6a   0x00000002   PAD
    0x08001d6c   0x0000000c   Code   RO         6466    i.HAL_GetTick       stm32f7xx_hal.o
    0x08001d78   0x00000010   Code   RO         6470    i.HAL_IncTick       stm32f7xx_hal.o
    0x08001d88   0x00000016   Code   RO         6471    i.HAL_Init          stm32f7xx_hal.o
    0x08001d9e   0x00000002   PAD
    0x08001da0   0x00000028   Code   RO         6472    i.HAL_InitTick      stm32f7xx_hal.o
    0x08001dc8   0x00000058   Code   RO         6669    i.HAL_MspInit       stm32f7xx_hal_msp.o
    0x08001e20   0x00000016   Code   RO         3491    i.HAL_NVIC_EnableIRQ  stm32f7xx_hal_cortex.o
    0x08001e36   0x00000002   PAD
    0x08001e38   0x00000040   Code   RO         3497    i.HAL_NVIC_SetPriority  stm32f7xx_hal_cortex.o
    0x08001e78   0x00000024   Code   RO         3498    i.HAL_NVIC_SetPriorityGrouping  stm32f7xx_hal_cortex.o
    0x08001e9c   0x0000006c   Code   RO         5133    i.HAL_PWREx_EnableOverDrive  stm32f7xx_hal_pwr_ex.o
    0x08001f08   0x0000053c   Code   RO         5339    i.HAL_RCCEx_PeriphCLKConfig  stm32f7xx_hal_rcc_ex.o
    0x08002444   0x00000114   Code   RO         6102    i.HAL_RCC_ClockConfig  stm32f7xx_hal_rcc.o
    0x08002558   0x0000000c   Code   RO         6107    i.HAL_RCC_GetHCLKFreq  stm32f7xx_hal_rcc.o
    0x08002564   0x00000044   Code   RO         6111    i.HAL_RCC_GetSysClockFreq  stm32f7xx_hal_rcc.o
    0x080025a8   0x00000094   Code   RO         6112    i.HAL_RCC_MCOConfig  stm32f7xx_hal_rcc.o
    0x0800263c   0x0000033c   Code   RO         6114    i.HAL_RCC_OscConfig  stm32f7xx_hal_rcc.o
    0x08002978   0x000000c4   Code   RO         5426    i.HAL_SPI_Init      stm32f7xx_hal_spi.o
    0x08002a3c   0x0000007c   Code   RO         6671    i.HAL_SPI_MspInit   stm32f7xx_hal_msp.o
    0x08002ab8   0x0000013e   Code   RO         5434    i.HAL_SPI_Transmit  stm32f7xx_hal_spi.o
    0x08002bf6   0x00000002   PAD
    0x08002bf8   0x0000022a   Code   RO         5435    i.HAL_SPI_TransmitReceive  stm32f7xx_hal_spi.o
    0x08002e22   0x00000018   Code   RO         3500    i.HAL_SYSTICK_CLKSourceConfig  stm32f7xx_hal_cortex.o
    0x08002e3a   0x00000002   Code   RO         3501    i.HAL_SYSTICK_Callback  stm32f7xx_hal_cortex.o
    0x08002e3c   0x00000026   Code   RO         3502    i.HAL_SYSTICK_Config  stm32f7xx_hal_cortex.o
    0x08002e62   0x00000008   Code   RO         3503    i.HAL_SYSTICK_IRQHandler  stm32f7xx_hal_cortex.o
    0x08002e6a   0x00000002   Code   RO         3207    i.HAL_TIMEx_BreakCallback  stm32f7xx_hal_tim_ex.o
    0x08002e6c   0x00000002   Code   RO         3208    i.HAL_TIMEx_CommutationCallback  stm32f7xx_hal_tim_ex.o
    0x08002e6e   0x00000036   Code   RO         3743    i.HAL_TIM_Base_Init  stm32f7xx_hal_tim.o
    0x08002ea4   0x0000003c   Code   RO         6673    i.HAL_TIM_Base_MspInit  stm32f7xx_hal_msp.o
    0x08002ee0   0x00000018   Code   RO         3748    i.HAL_TIM_Base_Start_IT  stm32f7xx_hal_tim.o
    0x08002ef8   0x00000002   Code   RO         3772    i.HAL_TIM_IC_CaptureCallback  stm32f7xx_hal_tim.o
    0x08002efa   0x0000017e   Code   RO         3785    i.HAL_TIM_IRQHandler  stm32f7xx_hal_tim.o
    0x08003078   0x00000002   Code   RO         3788    i.HAL_TIM_OC_DelayElapsedCallback  stm32f7xx_hal_tim.o
    0x0800307a   0x00000002   Code   RO         3815    i.HAL_TIM_PWM_PulseFinishedCallback  stm32f7xx_hal_tim.o
    0x0800307c   0x00000098   Code   RO         6958    i.HAL_TIM_PeriodElapsedCallback  main.o
    0x08003114   0x00000002   Code   RO         3826    i.HAL_TIM_TriggerCallback  stm32f7xx_hal_tim.o
    0x08003116   0x00000002   PAD
    0x08003118   0x00000054   Code   RO         6959    i.MX_ADC3_Init      main.o
    0x0800316c   0x00000254   Code   RO         6960    i.MX_GPIO_Init      main.o
    0x080033c0   0x000000b8   Code   RO         6737    i.MX_LWIP_Init      lwip.o
    0x08003478   0x00000014   Code   RO         6738    i.MX_LWIP_Process   lwip.o
    0x0800348c   0x0000004c   Code   RO         6961    i.MX_SPI4_Init      main.o
    0x080034d8   0x0000004c   Code   RO         6962    i.MX_SPI5_Init      main.o
    0x08003524   0x00000022   Code   RO         3504    i.NVIC_SetPriority  stm32f7xx_hal_cortex.o
    0x08003546   0x00000002   Code   RO         6906    i.PendSV_Handler    stm32f7xx_it.o
    0x08003548   0x00000048   Code   RO         5464    i.SPI_EndRxTxTransaction  stm32f7xx_hal_spi.o
    0x08003590   0x00000070   Code   RO         7097    i.SPI_Init          cgi_handlers.o
    0x08003600   0x000000a0   Code   RO         5469    i.SPI_WaitFifoStateUntilTimeout  stm32f7xx_hal_spi.o
    0x080036a0   0x0000008c   Code   RO         5470    i.SPI_WaitFlagStateUntilTimeout  stm32f7xx_hal_spi.o
    0x0800372c   0x00000002   Code   RO         6907    i.SVC_Handler       stm32f7xx_it.o
    0x0800372e   0x0000000e   Code   RO         6908    i.SysTick_Handler   stm32f7xx_it.o
    0x0800373c   0x000000cc   Code   RO         6963    i.SystemClock_Config  main.o
    0x08003808   0x00000054   Code   RO            5    i.SystemInit        system_stm32f7xx.o
    0x0800385c   0x0000000c   Code   RO         6909    i.TIM1_UP_TIM10_IRQHandler  stm32f7xx_it.o
    0x08003868   0x000000cc   Code   RO         3827    i.TIM_Base_SetConfig  stm32f7xx_hal_tim.o
    0x08003934   0x00000308   Code   RO         7098    i.TPL_CGI_Handler   cgi_handlers.o
    0x08003c3c   0x00000002   Code   RO         6964    i._Error_Handler    main.o
    0x08003c3e   0x00000002   PAD
    0x08003c40   0x00000028   Code   RO         7493    i.__0sprintf        mc_w.l(printfa.o)
    0x08003c68   0x00000008   Code   RO         7572    i.__aeabi_errno_addr  mc_w.l(errno.o)
    0x08003c70   0x0000000e   Code   RO         7638    i.__scatterload_copy  mc_w.l(handlers.o)
    0x08003c7e   0x00000002   Code   RO         7639    i.__scatterload_null  mc_w.l(handlers.o)
    0x08003c80   0x0000000e   Code   RO         7640    i.__scatterload_zeroinit  mc_w.l(handlers.o)
    0x08003c8e   0x00000002   PAD
    0x08003c90   0x00000184   Code   RO         7498    i._fp_digits        mc_w.l(printfa.o)
    0x08003e14   0x000006dc   Code   RO         7499    i._printf_core      mc_w.l(printfa.o)
    0x080044f0   0x00000024   Code   RO         7500    i._printf_post_padding  mc_w.l(printfa.o)
    0x08004514   0x0000002e   Code   RO         7501    i._printf_pre_padding  mc_w.l(printfa.o)
    0x08004542   0x0000000a   Code   RO         7503    i._sputc            mc_w.l(printfa.o)
    0x0800454c   0x00000114   Code   RO         6965    i.compute_distance  main.o
    0x08004660   0x0000006c   Code   RO         6966    i.couple_spi_cs     main.o
    0x080046cc   0x0000001c   Code   RO         2493    i.cyclic_timer      timeouts.o
    0x080046e8   0x0000000c   Code   RO         2038    i.do_memp_free_pool  memp.o
    0x080046f4   0x0000000e   Code   RO         2039    i.do_memp_malloc_pool  memp.o
    0x08004702   0x00000002   PAD
    0x08004704   0x00000030   Code   RO          432    i.etharp_cleanup_netif  etharp.o
    0x08004734   0x000000dc   Code   RO          434    i.etharp_find_entry  etharp.o
    0x08004810   0x00000024   Code   RO          435    i.etharp_free_entry  etharp.o
    0x08004834   0x000000a0   Code   RO          437    i.etharp_input      etharp.o
    0x080048d4   0x000000e8   Code   RO          438    i.etharp_output     etharp.o
    0x080049bc   0x00000060   Code   RO          439    i.etharp_output_to_arp_index  etharp.o
    0x08004a1c   0x000000f0   Code   RO          440    i.etharp_query      etharp.o
    0x08004b0c   0x00000088   Code   RO          441    i.etharp_raw        etharp.o
    0x08004b94   0x0000000c   Code   RO          442    i.etharp_request    etharp.o
    0x08004ba0   0x00000020   Code   RO          443    i.etharp_request_dst  etharp.o
    0x08004bc0   0x00000060   Code   RO          444    i.etharp_tmr        etharp.o
    0x08004c20   0x00000080   Code   RO          445    i.etharp_update_arp_entry  etharp.o
    0x08004ca0   0x000000a0   Code   RO          733    i.ethernet_input    ethernet.o
    0x08004d40   0x0000004a   Code   RO          734    i.ethernet_output   ethernet.o
    0x08004d8a   0x00000002   PAD
    0x08004d8c   0x00000028   Code   RO         6813    i.ethernetif_init   ethernetif.o
    0x08004db4   0x00000022   Code   RO         6814    i.ethernetif_input  ethernetif.o
    0x08004dd6   0x00000002   Code   RO         6815    i.ethernetif_notify_conn_changed  ethernetif.o
    0x08004dd8   0x000000b0   Code   RO         6817    i.ethernetif_update_config  ethernetif.o
    0x08004e88   0x00000064   Code   RO         2311    i.extract_uri_parameters  httpd.o
    0x08004eec   0x00000008   Code   RO         2960    i.fs_bytes_left     fs.o
    0x08004ef4   0x00000002   Code   RO         2961    i.fs_close          fs.o
    0x08004ef6   0x00000002   PAD
    0x08004ef8   0x00000044   Code   RO         2962    i.fs_open           fs.o
    0x08004f3c   0x0000006c   Code   RO         2312    i.http_accept       httpd.o
    0x08004fa8   0x00000006   Code   RO         2313    i.http_close_conn   httpd.o
    0x08004fae   0x00000002   PAD
    0x08004fb0   0x00000060   Code   RO         2314    i.http_close_or_abort_conn  httpd.o
    0x08005010   0x00000004   Code   RO         2315    i.http_eof          httpd.o
    0x08005014   0x0000000a   Code   RO         2316    i.http_err          httpd.o
    0x0800501e   0x00000002   PAD
    0x08005020   0x00000184   Code   RO         2317    i.http_find_file    httpd.o
    0x080051a4   0x00000058   Code   RO         2318    i.http_get_404_file  httpd.o
    0x080051fc   0x0000010c   Code   RO         2319    i.http_parse_request  httpd.o
    0x08005308   0x00000036   Code   RO         2320    i.http_poll         httpd.o
    0x0800533e   0x0000007a   Code   RO         2321    i.http_recv         httpd.o
    0x080053b8   0x00000044   Code   RO         2322    i.http_send         httpd.o
    0x080053fc   0x00000052   Code   RO         2323    i.http_send_data_nonssi  httpd.o
    0x0800544e   0x00000018   Code   RO         2324    i.http_sent         httpd.o
    0x08005466   0x00000002   PAD
    0x08005468   0x00000028   Code   RO         7099    i.http_server_init  cgi_handlers.o
    0x08005490   0x0000000c   Code   RO         2325    i.http_set_cgi_handlers  httpd.o
    0x0800549c   0x00000028   Code   RO         2326    i.http_state_free   httpd.o
    0x080054c4   0x0000006a   Code   RO         2327    i.http_write        httpd.o
    0x0800552e   0x00000002   PAD
    0x08005530   0x00000034   Code   RO         2328    i.httpd_init        httpd.o
    0x08005564   0x00000008   Code   RO         2919    i.icmp_dest_unreach  icmp.o
    0x0800556c   0x000000f8   Code   RO         2920    i.icmp_input        icmp.o
    0x08005664   0x0000006c   Code   RO         2921    i.icmp_send_response  icmp.o
    0x080056d0   0x00000008   Code   RO         2922    i.icmp_time_exceeded  icmp.o
    0x080056d8   0x0000002e   Code   RO          770    i.ip4_addr_isbroadcast_u32  ip4_addr.o
    0x08005706   0x00000002   PAD
    0x08005708   0x00000160   Code   RO          358    i.ip4_frag          ip4_frag.o
    0x08005868   0x0000019c   Code   RO         1817    i.ip4_input         ip4.o
    0x08005a04   0x0000001e   Code   RO         1819    i.ip4_output_if     ip4.o
    0x08005a22   0x00000002   PAD
    0x08005a24   0x000000ac   Code   RO         1820    i.ip4_output_if_src  ip4.o
    0x08005ad0   0x00000194   Code   RO          359    i.ip4_reass         ip4_frag.o
    0x08005c64   0x0000005c   Code   RO         1821    i.ip4_route         ip4.o
    0x08005cc0   0x00000008   Code   RO          360    i.ip_frag_free_pbuf_custom_ref  ip4_frag.o
    0x08005cc8   0x000000f0   Code   RO          361    i.ip_reass_chain_frag_into_datagram_and_validate  ip4_frag.o
    0x08005db8   0x00000024   Code   RO          362    i.ip_reass_dequeue_datagram  ip4_frag.o
    0x08005ddc   0x00000070   Code   RO          363    i.ip_reass_free_complete_datagram  ip4_frag.o
    0x08005e4c   0x00000080   Code   RO          364    i.ip_reass_remove_oldest_datagram  ip4_frag.o
    0x08005ecc   0x0000002c   Code   RO          365    i.ip_reass_tmr      ip4_frag.o
    0x08005ef8   0x00000016   Code   RO          366    i.ipfrag_free_pbuf_custom  ip4_frag.o
    0x08005f0e   0x00000002   PAD
    0x08005f10   0x000000f0   Code   RO         6818    i.low_level_init    ethernetif.o
    0x08006000   0x000000c4   Code   RO         6819    i.low_level_input   ethernetif.o
    0x080060c4   0x000000b0   Code   RO         6820    i.low_level_output  ethernetif.o
    0x08006174   0x00000004   Code   RO         1604    i.lwip_htonl        def.o
    0x08006178   0x00000004   Code   RO         1605    i.lwip_htons        def.o
    0x0800617c   0x0000001e   Code   RO          607    i.lwip_init         init.o
    0x0800619a   0x00000040   Code   RO         1609    i.lwip_strnstr      def.o
    0x080061da   0x00000002   PAD
    0x080061dc   0x00000170   Code   RO         6967    i.main              main.o
    0x0800634c   0x0000006c   Code   RO         7520    i.malloc            mc_w.l(malloc.o)
    0x080063b8   0x0000002c   Code   RO         3017    i.mem_free          mem.o
    0x080063e4   0x00000034   Code   RO         3018    i.mem_init          mem.o
    0x08006418   0x000000a8   Code   RO         3019    i.mem_malloc        mem.o
    0x080064c0   0x000000d4   Code   RO         3020    i.mem_trim          mem.o
    0x08006594   0x00000018   Code   RO         2040    i.memp_free         memp.o
    0x080065ac   0x00000020   Code   RO         2042    i.memp_init         memp.o
    0x080065cc   0x0000002a   Code   RO         2043    i.memp_init_pool    memp.o
    0x080065f6   0x00000002   PAD
    0x080065f8   0x00000018   Code   RO         2044    i.memp_malloc       memp.o
    0x08006610   0x00000054   Code   RO         1051    i.netif_add         netif.o
    0x08006664   0x00000002   Code   RO         1053    i.netif_init        netif.o
    0x08006666   0x0000001a   Code   RO         1055    i.netif_issue_reports  netif.o
    0x08006680   0x00000048   Code   RO         1057    i.netif_set_addr    netif.o
    0x080066c8   0x0000000c   Code   RO         1058    i.netif_set_default  netif.o
    0x080066d4   0x0000001a   Code   RO         1059    i.netif_set_down    netif.o
    0x080066ee   0x00000008   Code   RO         1060    i.netif_set_gw      netif.o
    0x080066f6   0x00000002   PAD
    0x080066f8   0x00000040   Code   RO         1061    i.netif_set_ipaddr  netif.o
    0x08006738   0x00000008   Code   RO         1062    i.netif_set_link_callback  netif.o
    0x08006740   0x00000008   Code   RO         1065    i.netif_set_netmask  netif.o
    0x08006748   0x0000001c   Code   RO         1066    i.netif_set_up      netif.o
    0x08006764   0x00000128   Code   RO         1288    i.pbuf_alloc        pbuf.o
    0x0800688c   0x00000052   Code   RO         1289    i.pbuf_alloced_custom  pbuf.o
    0x080068de   0x00000028   Code   RO         1290    i.pbuf_cat          pbuf.o
    0x08006906   0x00000012   Code   RO         1292    i.pbuf_clen         pbuf.o
    0x08006918   0x0000009a   Code   RO         1294    i.pbuf_copy         pbuf.o
    0x080069b2   0x00000066   Code   RO         1295    i.pbuf_copy_partial  pbuf.o
    0x08006a18   0x00000052   Code   RO         1297    i.pbuf_free         pbuf.o
    0x08006a6a   0x00000002   PAD
    0x08006a6c   0x0000002c   Code   RO         1298    i.pbuf_free_ooseq   pbuf.o
    0x08006a98   0x00000006   Code   RO         1300    i.pbuf_header       pbuf.o
    0x08006a9e   0x00000006   Code   RO         1301    i.pbuf_header_force  pbuf.o
    0x08006aa4   0x00000064   Code   RO         1302    i.pbuf_header_impl  pbuf.o
    0x08006b08   0x00000054   Code   RO         1306    i.pbuf_realloc      pbuf.o
    0x08006b5c   0x0000000c   Code   RO         1307    i.pbuf_ref          pbuf.o
    0x08006b68   0x00000054   Code   RO         1311    i.pbuf_take         pbuf.o
    0x08006bbc   0x00000054   Code   RO         3021    i.plug_holes        mem.o
    0x08006c10   0x00000040   Code   RO         7100    i.send_back_data    cgi_handlers.o
    0x08006c50   0x00000054   Code   RO         6970    i.spi_set_cs_high   main.o
    0x08006ca4   0x00000058   Code   RO         2494    i.sys_check_timeouts  timeouts.o
    0x08006cfc   0x00000004   Code   RO         6822    i.sys_now           ethernetif.o
    0x08006d00   0x00000090   Code   RO         2496    i.sys_timeout       timeouts.o
    0x08006d90   0x00000034   Code   RO         2497    i.sys_timeouts_init  timeouts.o
    0x08006dc4   0x000000d8   Code   RO         2588    i.tcp_abandon       tcp.o
    0x08006e9c   0x00000006   Code   RO         2589    i.tcp_abort         tcp.o
    0x08006ea2   0x0000000e   Code   RO         2590    i.tcp_accept        tcp.o
    0x08006eb0   0x0000000e   Code   RO         2591    i.tcp_accept_null   tcp.o
    0x08006ebe   0x00000002   PAD
    0x08006ec0   0x00000110   Code   RO         2592    i.tcp_alloc         tcp.o
    0x08006fd0   0x00000008   Code   RO         2593    i.tcp_arg           tcp.o
    0x08006fd8   0x00000094   Code   RO         2594    i.tcp_bind          tcp.o
    0x0800706c   0x00000058   Code   RO         7162    i.tcp_client_connect  tcp_client.o
    0x080070c4   0x000000a0   Code   RO         7163    i.tcp_client_connected  tcp_client.o
    0x08007164   0x00000030   Code   RO         7164    i.tcp_client_connection_close  tcp_client.o
    0x08007194   0x00000030   Code   RO         7165    i.tcp_client_poll   tcp_client.o
    0x080071c4   0x0000006c   Code   RO         7166    i.tcp_client_recv   tcp_client.o
    0x08007230   0x00000058   Code   RO         7167    i.tcp_client_send   tcp_client.o
    0x08007288   0x00000014   Code   RO         7168    i.tcp_client_sent   tcp_client.o
    0x0800729c   0x00000014   Code   RO         2595    i.tcp_close         tcp.o
    0x080072b0   0x00000164   Code   RO         2596    i.tcp_close_shutdown  tcp.o
    0x08007414   0x000000e8   Code   RO         2597    i.tcp_connect       tcp.o
    0x080074fc   0x00000098   Code   RO         1677    i.tcp_create_segment  tcp_out.o
    0x08007594   0x00000022   Code   RO         2599    i.tcp_eff_send_mss_impl  tcp.o
    0x080075b6   0x00000096   Code   RO         1678    i.tcp_enqueue_flags  tcp_out.o
    0x0800764c   0x0000000a   Code   RO         2600    i.tcp_err           tcp.o
    0x08007656   0x00000002   PAD
    0x08007658   0x00000058   Code   RO         2601    i.tcp_fasttmr       tcp.o
    0x080076b0   0x00000030   Code   RO         3073    i.tcp_getoptbyte    tcp_in.o
    0x080076e0   0x00000002   Code   RO         2602    i.tcp_init          tcp.o
    0x080076e2   0x00000002   PAD
    0x080076e4   0x0000036c   Code   RO         3074    i.tcp_input         tcp_in.o
    0x08007a50   0x00000052   Code   RO         1679    i.tcp_keepalive     tcp_out.o
    0x08007aa2   0x00000002   PAD
    0x08007aa4   0x0000003c   Code   RO         2603    i.tcp_kill_state    tcp.o
    0x08007ae0   0x000000ec   Code   RO         3075    i.tcp_listen_input  tcp_in.o
    0x08007bcc   0x00000084   Code   RO         2604    i.tcp_listen_with_backlog  tcp.o
    0x08007c50   0x0000004c   Code   RO         2605    i.tcp_netif_ip_addr_changed  tcp.o
    0x08007c9c   0x00000022   Code   RO         2606    i.tcp_netif_ip_addr_changed_pcblist  tcp.o
    0x08007cbe   0x00000006   Code   RO         2607    i.tcp_new           tcp.o
    0x08007cc4   0x00000006   Code   RO         2608    i.tcp_new_ip_type   tcp.o
    0x08007cca   0x00000002   PAD
    0x08007ccc   0x0000005c   Code   RO         2609    i.tcp_new_port      tcp.o
    0x08007d28   0x00000010   Code   RO         2610    i.tcp_next_iss      tcp.o
    0x08007d38   0x0000007c   Code   RO         3076    i.tcp_oos_insert_segment  tcp_in.o
    0x08007db4   0x000001c8   Code   RO         1680    i.tcp_output        tcp_out.o
    0x08007f7c   0x0000006c   Code   RO         1681    i.tcp_output_alloc_header  tcp_out.o
    0x08007fe8   0x000000b0   Code   RO         1682    i.tcp_output_segment  tcp_out.o
    0x08008098   0x00000074   Code   RO         3077    i.tcp_parseopt      tcp_in.o
    0x0800810c   0x0000004e   Code   RO         1683    i.tcp_pbuf_prealloc  tcp_out.o
    0x0800815a   0x00000042   Code   RO         2611    i.tcp_pcb_purge     tcp.o
    0x0800819c   0x00000050   Code   RO         2612    i.tcp_pcb_remove    tcp.o
    0x080081ec   0x00000008   Code   RO         2613    i.tcp_poll          tcp.o
    0x080081f4   0x00000374   Code   RO         3078    i.tcp_process       tcp_in.o
    0x08008568   0x0000006c   Code   RO         2614    i.tcp_process_refused_data  tcp.o
    0x080085d4   0x000006d4   Code   RO         3079    i.tcp_receive       tcp_in.o
    0x08008ca8   0x0000000a   Code   RO         2615    i.tcp_recv          tcp.o
    0x08008cb2   0x00000024   Code   RO         2616    i.tcp_recv_null     tcp.o
    0x08008cd6   0x00000042   Code   RO         2617    i.tcp_recved        tcp.o
    0x08008d18   0x00000052   Code   RO         1684    i.tcp_rexmit        tcp_out.o
    0x08008d6a   0x0000005c   Code   RO         1685    i.tcp_rexmit_fast   tcp_out.o
    0x08008dc6   0x0000002c   Code   RO         1686    i.tcp_rexmit_rto    tcp_out.o
    0x08008df2   0x00000080   Code   RO         1687    i.tcp_rst           tcp_out.o
    0x08008e72   0x00000028   Code   RO         2618    i.tcp_seg_copy      tcp.o
    0x08008e9a   0x0000001c   Code   RO         2619    i.tcp_seg_free      tcp.o
    0x08008eb6   0x00000012   Code   RO         2620    i.tcp_segs_free     tcp.o
    0x08008ec8   0x0000000c   Code   RO         7170    i.tcp_send          tcp_client.o
    0x08008ed4   0x00000072   Code   RO         1688    i.tcp_send_empty_ack  tcp_out.o
    0x08008f46   0x00000044   Code   RO         1689    i.tcp_send_fin      tcp_out.o
    0x08008f8a   0x00000008   Code   RO         2621    i.tcp_sent          tcp.o
    0x08008f92   0x00000004   Code   RO         2622    i.tcp_setprio       tcp.o
    0x08008f96   0x00000002   PAD
    0x08008f98   0x00000284   Code   RO         2624    i.tcp_slowtmr       tcp.o
    0x0800921c   0x00000034   Code   RO         2500    i.tcp_timer_needed  timeouts.o
    0x08009250   0x00000068   Code   RO         3080    i.tcp_timewait_input  tcp_in.o
    0x080092b8   0x00000020   Code   RO         2625    i.tcp_tmr           tcp.o
    0x080092d8   0x00000010   Code   RO         3081    i.tcp_trigger_input_pcb_close  tcp_in.o
    0x080092e8   0x00000036   Code   RO         2627    i.tcp_update_rcv_ann_wnd  tcp.o
    0x0800931e   0x000002f6   Code   RO         1690    i.tcp_write         tcp_out.o
    0x08009614   0x000000ae   Code   RO         1691    i.tcp_zero_window_probe  tcp_out.o
    0x080096c2   0x00000002   PAD
    0x080096c4   0x00000038   Code   RO         2501    i.tcpip_tcp_timer   timeouts.o
    0x080096fc   0x00000038   Code   RO          153    i.tdc_enable_measure  spi.o
    0x08009734   0x0000005a   Code   RO          155    i.tdc_obtain_measure  spi.o
    0x0800978e   0x00000002   Code   RO         2171    i.udp_init          udp.o
    0x08009790   0x00000124   Code   RO         2172    i.udp_input         udp.o
    0x080098b4   0x00000034   Code   RO         2173    i.udp_netif_ip_addr_changed  udp.o
    0x080098e8   0x00000022   Code   RO         6638    i.utils_init_regs   utils_1.o
    0x0800990a   0x00000010   Data   RO            6    .constdata          system_stm32f7xx.o
    0x0800991a   0x00000006   Data   RO          735    .constdata          ethernet.o
    0x08009920   0x00000006   Data   RO          736    .constdata          ethernet.o
    0x08009926   0x00000002   PAD
    0x08009928   0x00000004   Data   RO          777    .constdata          ip4_addr.o
    0x0800992c   0x0000000c   Data   RO         2055    .constdata          memp.o
    0x08009938   0x0000000c   Data   RO         2056    .constdata          memp.o
    0x08009944   0x0000000c   Data   RO         2057    .constdata          memp.o
    0x08009950   0x0000000c   Data   RO         2058    .constdata          memp.o
    0x0800995c   0x0000000c   Data   RO         2059    .constdata          memp.o
    0x08009968   0x0000000c   Data   RO         2060    .constdata          memp.o
    0x08009974   0x0000000c   Data   RO         2061    .constdata          memp.o
    0x08009980   0x0000000c   Data   RO         2062    .constdata          memp.o
    0x0800998c   0x0000000c   Data   RO         2063    .constdata          memp.o
    0x08009998   0x00000024   Data   RO         2064    .constdata          memp.o
    0x080099bc   0x00000028   Data   RO         2330    .constdata          httpd.o
    0x080099e4   0x00000018   Data   RO         2502    .constdata          timeouts.o
    0x080099fc   0x00000054   Data   RO         2628    .constdata          tcp.o
    0x08009a50   0x0000034f   Data   RO         2963    .constdata          fs.o
    0x08009d9f   0x000002b8   Data   RO         2964    .constdata          fs.o
    0x0800a057   0x0000074e   Data   RO         2965    .constdata          fs.o
    0x0800a7a5   0x00000003   PAD
    0x0800a7a8   0x00000014   Data   RO         2966    .constdata          fs.o
    0x0800a7bc   0x00000014   Data   RO         2967    .constdata          fs.o
    0x0800a7d0   0x00000014   Data   RO         2968    .constdata          fs.o
    0x0800a7e4   0x00000008   Data   RO         7104    .constdata          cgi_handlers.o
    0x0800a7ec   0x00000081   Data   RO         7602    .constdata          mc_w.l(ctype_o.o)
    0x0800a86d   0x00000003   PAD
    0x0800a870   0x00000004   Data   RO         7603    .constdata          mc_w.l(ctype_o.o)
    0x0800a874   0x00000040   Data   RO         2331    .conststring        httpd.o
    0x0800a8b4   0x00000075   Data   RO         2629    .conststring        tcp.o
    0x0800a929   0x00000003   PAD
    0x0800a92c   0x00000009   Data   RO         7105    .conststring        cgi_handlers.o
    0x0800a935   0x00000003   PAD
    0x0800a938   0x00000020   Data   RO         7636    Region$$Table       anon$$obj.o


    Execution Region RW_IRAM1 (Base: 0x20000000, Size: 0x00007640, Max: 0x00080000, ABSOLUTE)

    Base Addr    Size         Type   Attr      Idx    E Section Name        Object

    0x20000000   0x00000004   Data   RW            8    .data               system_stm32f7xx.o
    0x20000004   0x00000008   Data   RW          367    .data               ip4_frag.o
    0x2000000c   0x00000001   Data   RW          447    .data               etharp.o
    0x2000000d   0x00000003   PAD
    0x20000010   0x0000000c   Data   RW         1067    .data               netif.o
    0x2000001c   0x00000001   Data   RW         1314    .data               pbuf.o
    0x2000001d   0x00000001   PAD
    0x2000001e   0x00000002   Data   RW         1822    .data               ip4.o
    0x20000020   0x00000004   Data   RW         2065    .data               memp.o
    0x20000024   0x00000004   Data   RW         2066    .data               memp.o
    0x20000028   0x00000004   Data   RW         2067    .data               memp.o
    0x2000002c   0x00000004   Data   RW         2068    .data               memp.o
    0x20000030   0x00000004   Data   RW         2069    .data               memp.o
    0x20000034   0x00000004   Data   RW         2070    .data               memp.o
    0x20000038   0x00000004   Data   RW         2071    .data               memp.o
    0x2000003c   0x00000004   Data   RW         2072    .data               memp.o
    0x20000040   0x00000004   Data   RW         2073    .data               memp.o
    0x20000044   0x00000008   Data   RW         2182    .data               udp.o
    0x2000004c   0x0000000c   Data   RW         2332    .data               httpd.o
    0x20000058   0x0000000c   Data   RW         2503    .data               timeouts.o
    0x20000064   0x00000020   Data   RW         2630    .data               tcp.o
    0x20000084   0x0000000c   Data   RW         3023    .data               mem.o
    0x20000090   0x00000024   Data   RW         3083    .data               tcp_in.o
    0x200000b4   0x00000004   Data   RW         6477    .data               stm32f7xx_hal.o
    0x200000b8   0x00000018   Data   RW         6744    .data               lwip.o
    0x200000d0   0x00000008   Data   RW         6978    .data               main.o
    0x200000d8   0x00000020   Data   RW         7106    .data               cgi_handlers.o
    0x200000f8   0x00000014   Data   RW         7173    .data               tcp_client.o
    0x2000010c   0x00000004   Data   RW         7570    .data               mc_w.l(mvars.o)
    0x20000110   0x00000004   Data   RW         7571    .data               mc_w.l(mvars.o)
    0x20000114   0x00000004   Data   RW         7575    .data               mc_w.l(errno.o)
    0x20000118   0x000000f0   Zero   RW          446    .bss                etharp.o
    0x20000208   0x00000018   Zero   RW         1027    .bss                ip.o
    0x20000220   0x00000083   Zero   RW         2046    .bss                memp.o
    0x200002a3   0x00000393   Zero   RW         2047    .bss                memp.o
    0x20000636   0x000000e3   Zero   RW         2048    .bss                memp.o
    0x20000719   0x00000103   Zero   RW         2049    .bss                memp.o
    0x2000081c   0x000000a3   Zero   RW         2050    .bss                memp.o
    0x200008bf   0x0000016b   Zero   RW         2051    .bss                memp.o
    0x20000a2a   0x00000033   Zero   RW         2052    .bss                memp.o
    0x20000a5d   0x00000103   Zero   RW         2053    .bss                memp.o
    0x20000b60   0x00002603   Zero   RW         2054    .bss                memp.o
    0x20003163   0x00000440   Zero   RW         2329    .bss                httpd.o
    0x200035a3   0x00000653   Zero   RW         3022    .bss                mem.o
    0x20003bf6   0x00000002   PAD
    0x20003bf8   0x00000010   Zero   RW         3082    .bss                tcp_in.o
    0x20003c08   0x00000034   Zero   RW         6743    .bss                lwip.o
    0x20003c3c   0x000030e8   Zero   RW         6823    .bss                ethernetif.o
    0x20006d24   0x00000004   PAD
    0x20006d28   0x00000210   Zero   RW         6976    .bss                main.o
    0x20006f38   0x00000108   Zero   RW         7101    .bss                cgi_handlers.o
    0x20007040   0x00000200   Zero   RW          310    HEAP                startup_stm32f767xx.o
    0x20007240   0x00000400   Zero   RW          309    STACK               startup_stm32f767xx.o


==============================================================================

Image component sizes


      Code (inc. data)   RO Data    RW Data    ZI Data      Debug   Object Name

      1312        278         17         32        264       6183   cgi_handlers.o
        72          0          0          0          0       2021   def.o
      1436         56          0          1        240      14543   etharp.o
       234          6         12          0          0       2746   ethernet.o
      1024         68          0          0      12520       7644   ethernetif.o
        78          4       3473          0          0       4906   fs.o
      1628        124        104         12       1088      19379   httpd.o
       372          4          0          0          0       3806   icmp.o
        30          0          0          0          0      11043   init.o
         0          0          0          0         24       3042   ip.o
       706         30          0          2          0       5164   ip4.o
        46          0          4          0          0       6858   ip4_addr.o
      1346         36          0          8          0      10834   ip4_frag.o
       204         24          0         24         52       2655   lwip.o
      2230        216          0          8        528      10241   main.o
       560         30          0         12       1619       5393   mem.o
       148         16        144         36      12099      10070   memp.o
       338         14          0         12          0      10427   netif.o
      1110         28          0          1          0      23335   pbuf.o
       146          0          0          0          0      21891   spi.o
        36          8        504          0       1536        820   startup_stm32f767xx.o
       112         18          0          4          0       3895   stm32f7xx_hal.o
      1098         46          0          0          0       5294   stm32f7xx_hal_adc.o
       228         12          0          0          0      37393   stm32f7xx_hal_cortex.o
       244          0          0          0          0       3642   stm32f7xx_hal_dac.o
      2326         70          0          0          0      12874   stm32f7xx_hal_eth.o
       514         60          0          0          0       3900   stm32f7xx_hal_gpio.o
       400         54          0          0          0       3643   stm32f7xx_hal_msp.o
       108          8          0          0          0       1304   stm32f7xx_hal_pwr_ex.o
      1332         64          0          0          0       5330   stm32f7xx_hal_rcc.o
      1340         22          0          0          0       2400   stm32f7xx_hal_rcc_ex.o
      1440          0          0          0          0       6996   stm32f7xx_hal_spi.o
       672         46          0          0          0       6829   stm32f7xx_hal_tim.o
         4          0          0          0          0       1726   stm32f7xx_hal_tim_ex.o
        68          6          0          0          0       2475   stm32f7xx_it.o
        84         16         16          4          0     904651   system_stm32f7xx.o
      3044        118        201         32          0      38742   tcp.o
       572         52          0         20          0       6470   tcp_client.o
      4152        130          0         36         16      19887   tcp_in.o
      2662         10          0          0          0      17407   tcp_out.o
       420         66         24         12          0       5927   timeouts.o
       346         14          0          8          0       5059   udp.o
        34          0          0          0          0        818   utils_1.o

    ----------------------------------------------------------------------
     34322       1754       4542        268      29992    1279663   Object Totals
         0          0         32          0          0          0   (incl. Generated)
        66          0         11          4          6          0   (incl. Padding)

    ----------------------------------------------------------------------

      Code (inc. data)   RO Data    RW Data    ZI Data      Debug   Library Member Name

        28          0          0          0          0         68   _chval.o
       158          0          0          0          0         92   _strtoul.o
        26          0          0          0          0         80   atoi.o
         8          4        133          0          0         68   ctype_o.o
         0          0          0          0          0          0   entry.o
         0          0          0          0          0          0   entry10a.o
         0          0          0          0          0          0   entry11a.o
         8          4          0          0          0          0   entry2.o
         4          0          0          0          0          0   entry5.o
         0          0          0          0          0          0   entry7b.o
         0          0          0          0          0          0   entry8b.o
         8          4          0          0          0          0   entry9a.o
         8          4          0          4          0         68   errno.o
        30          0          0          0          0          0   handlers.o
        36          8          0          0          0         68   init.o
         0          0          0          0          0          0   iusefp.o
        30          0          0          0          0         68   llshl.o
        36          0          0          0          0         68   llsshr.o
        32          0          0          0          0         68   llushr.o
       108         16          0          0          0         84   malloc.o
        26          0          0          0          0         80   memcmp.o
        36          0          0          0          0         68   memcpya.o
        36          0          0          0          0        108   memseta.o
         0          0          0          8          0          0   mvars.o
      2276         86          0          0          0        520   printfa.o
        24          0          0          0          0         68   strcat.o
        20          0          0          0          0         68   strchr.o
        28          0          0          0          0         76   strcmp.o
        18          0          0          0          0         68   strcpy.o
        14          0          0          0          0         68   strlen.o
        30          0          0          0          0         80   strncmp.o
       112          0          0          0          0         88   strtol.o
        44          0          0          0          0         80   uidiv.o
        98          0          0          0          0         92   uldiv.o
        48          0          0          0          0         68   cdrcmple.o
       334          0          0          0          0        148   dadd.o
       222          0          0          0          0        100   ddiv.o
       186          0          0          0          0        176   depilogue.o
        48          0          0          0          0         68   dfixul.o
       228          0          0          0          0         96   dmul.o

    ----------------------------------------------------------------------
      4352        126        136         12          0       2852   Library Totals
         4          0          3          0          0          0   (incl. Padding)

    ----------------------------------------------------------------------

      Code (inc. data)   RO Data    RW Data    ZI Data      Debug   Library Name

      3282        126        133         12          0       2196   mc_w.l
      1066          0          0          0          0        656   mf_w.l

    ----------------------------------------------------------------------
      4352        126        136         12          0       2852   Library Totals

    ----------------------------------------------------------------------

==============================================================================


      Code (inc. data)   RO Data    RW Data    ZI Data      Debug   

     38674       1880       4678        280      29992    1254259   Grand Totals
     38674       1880       4678        280      29992    1254259   ELF Image Totals
     38674       1880       4678        280          0          0   ROM Totals

==============================================================================

    Total RO  Size (Code + RO Data)                43352 (  42.34kB)
    Total RW  Size (RW Data + ZI Data)             30272 (  29.56kB)
    Total ROM Size (Code + RO Data + RW Data)      43632 (  42.61kB)

==============================================================================

